Archive member included because of file (symbol)

c:/program files (x86)/atmel/atmel toolchain/avr8 gcc/native/3.4.1061/avr8-gnu-toolchain/bin/../lib/gcc/avr/4.8.1/../../../../avr/lib/avr6\libm.a(addsf3.o)
                              CG3002RTOS.o (__subsf3)
c:/program files (x86)/atmel/atmel toolchain/avr8 gcc/native/3.4.1061/avr8-gnu-toolchain/bin/../lib/gcc/avr/4.8.1/../../../../avr/lib/avr6\libm.a(addsf3x.o)
                              c:/program files (x86)/atmel/atmel toolchain/avr8 gcc/native/3.4.1061/avr8-gnu-toolchain/bin/../lib/gcc/avr/4.8.1/../../../../avr/lib/avr6\libm.a(addsf3.o) (__addsf3x)
c:/program files (x86)/atmel/atmel toolchain/avr8 gcc/native/3.4.1061/avr8-gnu-toolchain/bin/../lib/gcc/avr/4.8.1/../../../../avr/lib/avr6\libm.a(asin.o)
                              CG3002RTOS.o (asin)
c:/program files (x86)/atmel/atmel toolchain/avr8 gcc/native/3.4.1061/avr8-gnu-toolchain/bin/../lib/gcc/avr/4.8.1/../../../../avr/lib/avr6\libm.a(atan2.o)
                              CG3002RTOS.o (atan2)
c:/program files (x86)/atmel/atmel toolchain/avr8 gcc/native/3.4.1061/avr8-gnu-toolchain/bin/../lib/gcc/avr/4.8.1/../../../../avr/lib/avr6\libm.a(atan.o)
                              c:/program files (x86)/atmel/atmel toolchain/avr8 gcc/native/3.4.1061/avr8-gnu-toolchain/bin/../lib/gcc/avr/4.8.1/../../../../avr/lib/avr6\libm.a(atan2.o) (atan)
c:/program files (x86)/atmel/atmel toolchain/avr8 gcc/native/3.4.1061/avr8-gnu-toolchain/bin/../lib/gcc/avr/4.8.1/../../../../avr/lib/avr6\libm.a(cmpsf2.o)
                              CG3002RTOS.o (__ltsf2)
c:/program files (x86)/atmel/atmel toolchain/avr8 gcc/native/3.4.1061/avr8-gnu-toolchain/bin/../lib/gcc/avr/4.8.1/../../../../avr/lib/avr6\libm.a(cos.o)
                              CG3002RTOS.o (cos)
c:/program files (x86)/atmel/atmel toolchain/avr8 gcc/native/3.4.1061/avr8-gnu-toolchain/bin/../lib/gcc/avr/4.8.1/../../../../avr/lib/avr6\libm.a(divsf3.o)
                              CG3002RTOS.o (__divsf3)
c:/program files (x86)/atmel/atmel toolchain/avr8 gcc/native/3.4.1061/avr8-gnu-toolchain/bin/../lib/gcc/avr/4.8.1/../../../../avr/lib/avr6\libm.a(divsf3x.o)
                              c:/program files (x86)/atmel/atmel toolchain/avr8 gcc/native/3.4.1061/avr8-gnu-toolchain/bin/../lib/gcc/avr/4.8.1/../../../../avr/lib/avr6\libm.a(divsf3.o) (__divsf3x)
c:/program files (x86)/atmel/atmel toolchain/avr8 gcc/native/3.4.1061/avr8-gnu-toolchain/bin/../lib/gcc/avr/4.8.1/../../../../avr/lib/avr6\libm.a(fixsfsi.o)
                              CG3002RTOS.o (__fixsfsi)
c:/program files (x86)/atmel/atmel toolchain/avr8 gcc/native/3.4.1061/avr8-gnu-toolchain/bin/../lib/gcc/avr/4.8.1/../../../../avr/lib/avr6\libm.a(fixunssfsi.o)
                              CG3002RTOS.o (__fixunssfsi)
c:/program files (x86)/atmel/atmel toolchain/avr8 gcc/native/3.4.1061/avr8-gnu-toolchain/bin/../lib/gcc/avr/4.8.1/../../../../avr/lib/avr6\libm.a(floatsisf.o)
                              CG3002RTOS.o (__floatsisf)
c:/program files (x86)/atmel/atmel toolchain/avr8 gcc/native/3.4.1061/avr8-gnu-toolchain/bin/../lib/gcc/avr/4.8.1/../../../../avr/lib/avr6\libm.a(fp_arccos.o)
                              c:/program files (x86)/atmel/atmel toolchain/avr8 gcc/native/3.4.1061/avr8-gnu-toolchain/bin/../lib/gcc/avr/4.8.1/../../../../avr/lib/avr6\libm.a(asin.o) (__fp_arccos)
c:/program files (x86)/atmel/atmel toolchain/avr8 gcc/native/3.4.1061/avr8-gnu-toolchain/bin/../lib/gcc/avr/4.8.1/../../../../avr/lib/avr6\libm.a(fp_cmp.o)
                              c:/program files (x86)/atmel/atmel toolchain/avr8 gcc/native/3.4.1061/avr8-gnu-toolchain/bin/../lib/gcc/avr/4.8.1/../../../../avr/lib/avr6\libm.a(cmpsf2.o) (__fp_cmp)
c:/program files (x86)/atmel/atmel toolchain/avr8 gcc/native/3.4.1061/avr8-gnu-toolchain/bin/../lib/gcc/avr/4.8.1/../../../../avr/lib/avr6\libm.a(fp_inf.o)
                              c:/program files (x86)/atmel/atmel toolchain/avr8 gcc/native/3.4.1061/avr8-gnu-toolchain/bin/../lib/gcc/avr/4.8.1/../../../../avr/lib/avr6\libm.a(addsf3x.o) (__fp_inf)
c:/program files (x86)/atmel/atmel toolchain/avr8 gcc/native/3.4.1061/avr8-gnu-toolchain/bin/../lib/gcc/avr/4.8.1/../../../../avr/lib/avr6\libm.a(fp_nan.o)
                              c:/program files (x86)/atmel/atmel toolchain/avr8 gcc/native/3.4.1061/avr8-gnu-toolchain/bin/../lib/gcc/avr/4.8.1/../../../../avr/lib/avr6\libm.a(addsf3x.o) (__fp_nan)
c:/program files (x86)/atmel/atmel toolchain/avr8 gcc/native/3.4.1061/avr8-gnu-toolchain/bin/../lib/gcc/avr/4.8.1/../../../../avr/lib/avr6\libm.a(fp_powser.o)
                              c:/program files (x86)/atmel/atmel toolchain/avr8 gcc/native/3.4.1061/avr8-gnu-toolchain/bin/../lib/gcc/avr/4.8.1/../../../../avr/lib/avr6\libm.a(atan.o) (__fp_powser)
c:/program files (x86)/atmel/atmel toolchain/avr8 gcc/native/3.4.1061/avr8-gnu-toolchain/bin/../lib/gcc/avr/4.8.1/../../../../avr/lib/avr6\libm.a(fp_powsodd.o)
[...]
Memory Configuration

Name             Origin             Length             Attributes
text             0x00000000         0x00100000         xr
data             0x00800200         0x0000fe00         rw !x
eeprom           0x00810000         0x00010000         rw !x
fuse             0x00820000         0x00000400         rw !x
lock             0x00830000         0x00000400         rw !x
signature        0x00840000         0x00000400         rw !x
user_signatures  0x00850000         0x00000400         rw !x
*default*        0x00000000         0xffffffff

Linker script and memory map

Address of section .data set to 0x800200
LOAD c:/program files (x86)/atmel/atmel toolchain/avr8 gcc/native/3.4.1061/avr8-gnu-toolchain/bin/../lib/gcc/avr/4.8.1/../../../../avr/lib/avr6/crtm2560.o
LOAD CG3002RTOS.o
LOAD heap_1.o
LOAD I2Cdev.o
LOAD L3G.o
LOAD list.o
LOAD LSM303.o
LOAD NewPing.o
LOAD port.o
LOAD queue.o
LOAD tasks.o
LOAD twi.o
LOAD Wire.o
START GROUP
LOAD c:/program files (x86)/atmel/atmel toolchain/avr8 gcc/native/3.4.1061/avr8-gnu-toolchain/bin/../lib/gcc/avr/4.8.1/../../../../avr/lib/avr6\libm.a
LOAD ../../../Arduino/Arduino/Debug\libArduino.a
END GROUP
LOAD c:/program files (x86)/atmel/atmel toolchain/avr8 gcc/native/3.4.1061/avr8-gnu-toolchain/bin/../lib/gcc/avr/4.8.1/avr6\libgcc.a
LOAD c:/program files (x86)/atmel/atmel toolchain/avr8 gcc/native/3.4.1061/avr8-gnu-toolchain/bin/../lib/gcc/avr/4.8.1/../../../../avr/lib/avr6\libm.a
START GROUP
LOAD c:/program files (x86)/atmel/atmel toolchain/avr8 gcc/native/3.4.1061/avr8-gnu-toolchain/bin/../lib/gcc/avr/4.8.1/avr6\libgcc.a
LOAD c:/program files (x86)/atmel/atmel toolchain/avr8 gcc/native/3.4.1061/avr8-gnu-toolchain/bin/../lib/gcc/avr/4.8.1/../../../../avr/lib/avr6\libm.a
LOAD c:/program files (x86)/atmel/atmel toolchain/avr8 gcc/native/3.4.1061/avr8-gnu-toolchain/bin/../lib/gcc/avr/4.8.1/../../../../avr/lib/avr6\libc.a
END GROUP

.hash
 *(.hash)

.dynsym
 *(.dynsym)

.dynstr
 *(.dynstr)

.gnu.version
 *(.gnu.version)

.gnu.version_d
 *(.gnu.version_d)

.gnu.version_r
 *(.gnu.version_r)

.rel.init
 *(.rel.init)

.rela.init
 *(.rela.init)

.rel.text
 *(.rel.text)
 *(.rel.text.*)
 *(.rel.gnu.linkonce.t*)

.rela.text
 *(.rela.text)
 *(.rela.text.*)
 *(.rela.gnu.linkonce.t*)

.rel.fini
 *(.rel.fini)

.rela.fini
 *(.rela.fini)

.rel.rodata
 *(.rel.rodata)
 *(.rel.rodata.*)
 *(.rel.gnu.linkonce.r*)

.rela.rodata
 *(.rela.rodata)
 *(.rela.rodata.*)
 *(.rela.gnu.linkonce.r*)

.rel.data
 *(.rel.data)
 *(.rel.data.*)
 *(.rel.gnu.linkonce.d*)

.rela.data
 *(.rela.data)
 *(.rela.data.*)
 *(.rela.gnu.linkonce.d*)

.rel.ctors
 *(.rel.ctors)

.rela.ctors
 *(.rela.ctors)

.rel.dtors
 *(.rel.dtors)

.rela.dtors
 *(.rela.dtors)

.rel.got
 *(.rel.got)

.rela.got
 *(.rela.got)

.rel.bss
 *(.rel.bss)

.rela.bss
 *(.rela.bss)

.rel.plt
 *(.rel.plt)

.rela.plt
 *(.rela.plt)

.text           0x00000000     0x5dd8
 *(.vectors)
 .vectors       0x00000000       0xe4 c:/program files (x86)/atmel/atmel toolchain/avr8 gcc/native/3.4.1061/avr8-gnu-toolchain/bin/../lib/gcc/avr/4.8.1/../../../../avr/lib/avr6/crtm2560.o
                0x00000000                __vector_default
                0x00000000                __vectors
 *(.vectors)
 *(.progmem.gcc*)
 .progmem.gcc_sw_table.__vector_39
                0x000000e4      0x192 twi.o
 .progmem.gcc_fplib
                0x00000276       0x14 c:/program files (x86)/atmel/atmel toolchain/avr8 gcc/native/3.4.1061/avr8-gnu-toolchain/bin/../lib/gcc/avr/4.8.1/../../../../avr/lib/avr6\libm.a(asin.o)
 .progmem.gcc_fplib
                0x0000028a       0x2d c:/program files (x86)/atmel/atmel toolchain/avr8 gcc/native/3.4.1061/avr8-gnu-toolchain/bin/../lib/gcc/avr/4.8.1/../../../../avr/lib/avr6\libm.a(atan.o)
 .progmem.gcc_fplib
                0x000002b7       0x28 c:/program files (x86)/atmel/atmel toolchain/avr8 gcc/native/3.4.1061/avr8-gnu-toolchain/bin/../lib/gcc/avr/4.8.1/../../../../avr/lib/avr6\libm.a(fp_arccos.o)
 .progmem.gcc_fplib
                0x000002df       0x1e c:/program files (x86)/atmel/atmel toolchain/avr8 gcc/native/3.4.1061/avr8-gnu-toolchain/bin/../lib/gcc/avr/4.8.1/../../../../avr/lib/avr6\libm.a(fp_sinus.o)
 .progmem.gcc_fplib
                0x000002fd       0x28 c:/program files (x86)/atmel/atmel toolchain/avr8 gcc/native/3.4.1061/avr8-gnu-toolchain/bin/../lib/gcc/avr/4.8.1/../../../../avr/lib/avr6\libm.a(exp.o)
 .progmem.gcc_fplib
                0x00000325       0x5a c:/program files (x86)/atmel/atmel toolchain/avr8 gcc/native/3.4.1061/avr8-gnu-toolchain/bin/../lib/gcc/avr/4.8.1/../../../../avr/lib/avr6\libm.a(log.o)
 *fill*         0x0000037f        0x1 
 .progmem.gcc_sw_table.analogWrite
                0x00000380       0x22 ../../../Arduino/Arduino/Debug\libArduino.a(wiring_analog.o)
 .progmem.gcc_sw_table.turnOffPWM
                0x000003a2       0x22 ../../../Arduino/Arduino/Debug\libArduino.a(wiring_digital.o)
                0x000003c4                . = ALIGN (0x2)
                0x000003c4                __trampolines_start = .
 *(.trampolines)
 .trampolines   0x000003c4        0x0 linker stubs
 *(.trampolines*)
                0x000003c4                __trampolines_end = .
 *(.progmem*)
 .progmem.data.digital_pin_to_timer_PGM
                0x000003c4       0x46 ../../../Arduino/Arduino/Debug\libArduino.a(wiring_digital.o)
                0x000003c4                digital_pin_to_timer_PGM
 .progmem.data.digital_pin_to_bit_mask_PGM
                0x0000040a       0x46 ../../../Arduino/Arduino/Debug\libArduino.a(wiring_digital.o)
                0x0000040a                digital_pin_to_bit_mask_PGM
 .progmem.data.digital_pin_to_port_PGM
                0x00000450       0x46 ../../../Arduino/Arduino/Debug\libArduino.a(wiring_digital.o)
                0x00000450                digital_pin_to_port_PGM
 .progmem.data.port_to_input_PGM
                0x00000496       0x1a ../../../Arduino/Arduino/Debug\libArduino.a(wiring_digital.o)
                0x00000496                port_to_input_PGM
 .progmem.data.port_to_output_PGM
                0x000004b0       0x1a ../../../Arduino/Arduino/Debug\libArduino.a(wiring_digital.o)
                0x000004b0                port_to_output_PGM
 .progmem.data.port_to_mode_PGM
                0x000004ca       0x1a ../../../Arduino/Arduino/Debug\libArduino.a(wiring_digital.o)
                0x000004ca                port_to_mode_PGM
                0x000004e4                . = ALIGN (0x2)
 *(.jumptables)
 *(.jumptables*)
 *(.lowtext)
 *(.lowtext*)
                0x000004e4                __ctors_start = .
 *(.ctors)
 .ctors         0x000004e4        0x2 CG3002RTOS.o
 .ctors         0x000004e6        0x2 Wire.o
 .ctors         0x000004e8        0x2 ../../../Arduino/Arduino/Debug\libArduino.a(HardwareSerial.o)
                0x000004ea                __ctors_end = .
                0x000004ea                __dtors_start = .
 *(.dtors)
                0x000004ea                __dtors_end = .
 SORT(*)(.ctors)
 SORT(*)(.dtors)
 *(.init0)
 .init0         0x000004ea        0x0 c:/program files (x86)/atmel/atmel toolchain/avr8 gcc/native/3.4.1061/avr8-gnu-toolchain/bin/../lib/gcc/avr/4.8.1/../../../../avr/lib/avr6/crtm2560.o
                0x000004ea                __init
 *(.init0)
 *(.init1)
 *(.init1)
 *(.init2)
 .init2         0x000004ea       0x10 c:/program files (x86)/atmel/atmel toolchain/avr8 gcc/native/3.4.1061/avr8-gnu-toolchain/bin/../lib/gcc/avr/4.8.1/../../../../avr/lib/avr6/crtm2560.o
 *(.init2)
 *(.init3)
 *(.init3)
 *(.init4)
 .init4         0x000004fa       0x1a c:/program files (x86)/atmel/atmel toolchain/avr8 gcc/native/3.4.1061/avr8-gnu-toolchain/bin/../lib/gcc/avr/4.8.1/avr6\libgcc.a(_copy_data.o)
                0x000004fa                __do_copy_data
 .init4         0x00000514       0x10 c:/program files (x86)/atmel/atmel toolchain/avr8 gcc/native/3.4.1061/avr8-gnu-toolchain/bin/../lib/gcc/avr/4.8.1/avr6\libgcc.a(_clear_bss.o)
                0x00000514                __do_clear_bss
 *(.init4)
 *(.init5)
 *(.init5)
 *(.init6)
 .init6         0x00000524       0x20 c:/program files (x86)/atmel/atmel toolchain/avr8 gcc/native/3.4.1061/avr8-gnu-toolchain/bin/../lib/gcc/avr/4.8.1/avr6\libgcc.a(_ctors.o)
                0x00000524                __do_global_ctors
 *(.init6)
 *(.init7)
 *(.init7)
 *(.init8)
 *(.init8)
 *(.init9)
 .init9         0x00000544        0x8 c:/program files (x86)/atmel/atmel toolchain/avr8 gcc/native/3.4.1061/avr8-gnu-toolchain/bin/../lib/gcc/avr/4.8.1/../../../../avr/lib/avr6/crtm2560.o
 *(.init9)
 *(.text)
 .text          0x0000054c        0x2 c:/program files (x86)/atmel/atmel toolchain/avr8 gcc/native/3.4.1061/avr8-gnu-toolchain/bin/../lib/gcc/avr/4.8.1/../../../../avr/lib/avr6/crtm2560.o
                0x0000054c                __vector_38
                0x0000054c                __vector_22
                0x0000054c                __vector_28
                0x0000054c                __vector_1
                0x0000054c                __vector_32
                0x0000054c                __vector_34
                0x0000054c                __vector_24
                0x0000054c                __vector_12
                0x0000054c                __vector_46
                0x0000054c                __bad_interrupt
                0x0000054c                __vector_6
                0x0000054c                __vector_31
                0x0000054c                __vector_35
                0x0000054c                __vector_3
                0x0000054c                __vector_30
                0x0000054c                __vector_45
                0x0000054c                __vector_11
                0x0000054c                __vector_54
                0x0000054c                __vector_17
                0x0000054c                __vector_19
                0x0000054c                __vector_56
                0x0000054c                __vector_7
                0x0000054c                __vector_49
                0x0000054c                __vector_41
                0x0000054c                __vector_43
                0x0000054c                __vector_27
                0x0000054c                __vector_5
                0x0000054c                __vector_33
                0x0000054c                __vector_47
                0x0000054c                __vector_4
                0x0000054c                __vector_44
                0x0000054c                __vector_51
                0x0000054c                __vector_9
                0x0000054c                __vector_2
                0x0000054c                __vector_15
                0x0000054c                __vector_29
                0x0000054c                __vector_40
                0x0000054c                __vector_8
                0x0000054c                __vector_48
                0x0000054c                __vector_14
                0x0000054c                __vector_53
                0x0000054c                __vector_10
                0x0000054c                __vector_50
                0x0000054c                __vector_16
                0x0000054c                __vector_18
                0x0000054c                __vector_20
                0x0000054c                __vector_42
                0x0000054e                . = ALIGN (0x2)
 *(.text.*)
 .text._Z15Matrix_MultiplyPA3_fS0_S0_
                0x0000054e      0x122 CG3002RTOS.o
                0x0000054e                _Z15Matrix_MultiplyPA3_fS0_S0_
 .text._Z18Vector_Dot_ProductPfS_
                0x00000670       0x6c CG3002RTOS.o
                0x00000670                _Z18Vector_Dot_ProductPfS_
 .text._Z20Vector_Cross_ProductPfS_S_
                0x000006dc      0x102 CG3002RTOS.o
                0x000006dc                _Z20Vector_Cross_ProductPfS_S_
 .text._Z12Vector_ScalePfS_f
                0x000007de       0x60 CG3002RTOS.o
                0x000007de                _Z12Vector_ScalePfS_f
 .text._Z10Vector_AddPfS_S_
                0x0000083e       0x60 CG3002RTOS.o
                0x0000083e                _Z10Vector_AddPfS_S_
 .text._Z8I2C_Initv
                0x0000089e        0xa CG3002RTOS.o
                0x0000089e                _Z8I2C_Initv
 .text._Z9Gyro_Initv
                0x000008a8       0x2e CG3002RTOS.o
                0x000008a8                _Z9Gyro_Initv
 .text._Z9Read_Gyrov
                0x000008d6       0xb8 CG3002RTOS.o
                0x000008d6                _Z9Read_Gyrov
 .text._Z10Accel_Initv
                0x0000098e       0x4a CG3002RTOS.o
                0x0000098e                _Z10Accel_Initv
 .text._Z10Read_Accelv
                0x000009d8       0xe8 CG3002RTOS.o
                0x000009d8                _Z10Read_Accelv
 .text._Z12Read_Compassv
                0x00000ac0       0x7c CG3002RTOS.o
                0x00000ac0                _Z12Read_Compassv
 .text._Z9Normalizev
                0x00000b3c      0x13e CG3002RTOS.o
                0x00000b3c                _Z9Normalizev
 .text._Z16Drift_correctionv
                0x00000c7a      0x2e6 CG3002RTOS.o
                0x00000c7a                _Z16Drift_correctionv
 .text._Z13Matrix_updatev
                0x00000f60      0x308 CG3002RTOS.o
                0x00000f60                _Z13Matrix_updatev
 .text._Z12Euler_anglesv
                0x00001268       0x94 CG3002RTOS.o
                0x00001268                _Z12Euler_anglesv
 .text._Z15Compass_Headingv
                0x000012fc      0x2e8 CG3002RTOS.o
                0x000012fc                _Z15Compass_Headingv
 .text._Z9readSonarh
                0x000015e4       0x6c CG3002RTOS.o
                0x000015e4                _Z9readSonarh
 .text._Z12readIRSensorv
                0x00001650       0x56 CG3002RTOS.o
                0x00001650                _Z12readIRSensorv
 .text._Z8onVMotori
                0x000016a6       0x36 CG3002RTOS.o
                0x000016a6                _Z8onVMotori
 .text._GLOBAL__sub_I_SENSOR_SIGN
                0x000016dc       0x5e CG3002RTOS.o
 .text._Z10debugPrintPKc
                0x0000173a       0x14 CG3002RTOS.o
                0x0000173a                _Z10debugPrintPKc
 .text._Z7dprintfPKcz
                0x0000174e       0x26 CG3002RTOS.o
                0x0000174e                _Z7dprintfPKcz
 .text._Z9printdatav
                0x00001774       0x46 CG3002RTOS.o
                0x00001774                _Z9printdatav
 .text._Z5task2Pv
                0x000017ba       0xca CG3002RTOS.o
                0x000017ba                _Z5task2Pv
 .text._Z5task1Pv
                0x00001884       0xd4 CG3002RTOS.o
                0x00001884                _Z5task1Pv
 .text._Z5task3Pv
                0x00001958       0x88 CG3002RTOS.o
                0x00001958                _Z5task3Pv
 .text._Z9handShakev
                0x000019e0       0x32 CG3002RTOS.o
                0x000019e0                _Z9handShakev
 .text.setup    0x00001a12      0x196 CG3002RTOS.o
                0x00001a12                setup
 .text.main     0x00001ba8       0xa4 CG3002RTOS.o
                0x00001ba8                main
 .text.pvPortMalloc
                0x00001c4c       0x6a heap_1.o
                0x00001c4c                pvPortMalloc
 .text.vPortFree
                0x00001cb6        0x2 heap_1.o
                0x00001cb6                vPortFree
 .text._ZN3L3GC2Ev
                0x00001cb8        0xe L3G.o
                0x00001cb8                _ZN3L3GC1Ev
                0x00001cb8                _ZN3L3GC2Ev
 .text._ZN3L3G8writeRegEhh
                0x00001cc6       0x40 L3G.o
                0x00001cc6                _ZN3L3G8writeRegEhh
 .text._ZN3L3G13enableDefaultEv
                0x00001d06       0x2a L3G.o
                0x00001d06                _ZN3L3G13enableDefaultEv
 .text._ZN3L3G4readEv
                0x00001d30       0xf0 L3G.o
                0x00001d30                _ZN3L3G4readEv
 .text._ZN3L3G7testRegEhNS_7regAddrE
                0x00001e20       0x58 L3G.o
                0x00001e20                _ZN3L3G7testRegEhNS_7regAddrE
 .text._ZN3L3G4initENS_10deviceTypeENS_8sa0StateE
                0x00001e78      0x130 L3G.o
                0x00001e78                _ZN3L3G4initENS_10deviceTypeENS_8sa0StateE
 .text.vListInitialise
                0x00001fa8       0x1c list.o
                0x00001fa8                vListInitialise
 .text.vListInitialiseItem
                0x00001fc4        0x8 list.o
                0x00001fc4                vListInitialiseItem
 .text.vListInsertEnd
                0x00001fcc       0x42 list.o
                0x00001fcc                vListInsertEnd
 .text.vListInsert
                0x0000200e       0x62 list.o
                0x0000200e                vListInsert
 .text.uxListRemove
                0x00002070       0x4c list.o
                0x00002070                uxListRemove
 .text._ZN6LSM303C2Ev
                0x000020bc       0x3a LSM303.o
                0x000020bc                _ZN6LSM303C1Ev
                0x000020bc                _ZN6LSM303C2Ev
 .text._ZN6LSM30316vector_normalizeEPNS_6vectorIfEE
                0x000020f6      0x11a LSM303.o
                0x000020f6                _ZN6LSM30316vector_normalizeEPNS_6vectorIfEE
 .text._ZN6LSM3037headingIiEEfNS_6vectorIT_EE
                0x00002210      0x4ee LSM303.o
                0x00002210                _ZN6LSM3037headingIiEEfNS_6vectorIT_EE
 .text._ZN6LSM3037headingEv
                0x000026fe       0x68 LSM303.o
                0x000026fe                _ZN6LSM3037headingEv
 .text._ZN6LSM30311writeAccRegEhh
                0x00002766       0x40 LSM303.o
                0x00002766                _ZN6LSM30311writeAccRegEhh
 .text._ZN6LSM30311writeMagRegEhh
                0x000027a6       0x40 LSM303.o
                0x000027a6                _ZN6LSM30311writeMagRegEhh
 .text._ZN6LSM3038writeRegEhh
                0x000027e6       0x14 LSM303.o
                0x000027e6                _ZN6LSM3038writeRegEhh
 .text._ZN6LSM30313enableDefaultEv
                0x000027fa       0x7a LSM303.o
                0x000027fa                _ZN6LSM30313enableDefaultEv
 .text._ZN6LSM3037readAccEv
                0x00002874       0xf2 LSM303.o
                0x00002874                _ZN6LSM3037readAccEv
 .text._ZN6LSM3037readMagEv
                0x00002966      0x176 LSM303.o
                0x00002966                _ZN6LSM3037readMagEv
 .text._ZN6LSM3037testRegEhNS_7regAddrE
                0x00002adc       0x58 LSM303.o
                0x00002adc                _ZN6LSM3037testRegEhNS_7regAddrE
 .text._ZN6LSM3034initENS_10deviceTypeENS_8sa0StateE
                0x00002b34      0x1b8 LSM303.o
                0x00002b34                _ZN6LSM3034initENS_10deviceTypeENS_8sa0StateE
 .text._ZN7NewPingC2Ehhj
                0x00002cec       0xac NewPing.o
                0x00002cec                _ZN7NewPingC1Ehhj
                0x00002cec                _ZN7NewPingC2Ehhj
 .text._ZN7NewPing12ping_triggerEv
                0x00002d98       0xe4 NewPing.o
                0x00002d98                _ZN7NewPing12ping_triggerEv
 .text._ZN7NewPing4pingEv
                0x00002e7c       0x64 NewPing.o
                0x00002e7c                _ZN7NewPing4pingEv
 .text.__vector_21
                0x00002ee0       0x56 NewPing.o
                0x00002ee0                __vector_21
 .text.pxPortInitialiseStack
                0x00002f36       0xe4 port.o
                0x00002f36                pxPortInitialiseStack
 .text.xPortStartScheduler
                0x0000301a       0x82 port.o
                0x0000301a                xPortStartScheduler
 .text.vPortYield
                0x0000309c       0xc0 port.o
                0x0000309c                vPortYield
 .text.vPortYieldFromTick
                0x0000315c       0xc4 port.o
                0x0000315c                vPortYieldFromTick
 .text.__vector_13
                0x00003220        0x4 port.o
                0x00003220                __vector_13
 .text.prvResetNextTaskUnblockTime
                0x00003224       0x3e tasks.o
 .text.prvAddCurrentTaskToDelayedList
                0x00003262       0x6e tasks.o
 .text.xTaskGenericCreate
                0x000032d0      0x210 tasks.o
                0x000032d0                xTaskGenericCreate
 .text.vTaskStartScheduler
                0x000034e0       0x52 tasks.o
                0x000034e0                vTaskStartScheduler
 .text.vTaskSuspendAll
                0x00003532        0xc tasks.o
                0x00003532                vTaskSuspendAll
 .text.xTaskIncrementTick
                0x0000353e      0x17c tasks.o
                0x0000353e                xTaskIncrementTick
 .text.xTaskResumeAll
                0x000036ba      0x102 tasks.o
                0x000036ba                xTaskResumeAll
 .text.vTaskDelay
                0x000037bc       0x38 tasks.o
                0x000037bc                vTaskDelay
 .text.prvIdleTask
                0x000037f4       0x72 tasks.o
 .text.vTaskSwitchContext
                0x00003866       0xbc tasks.o
                0x00003866                vTaskSwitchContext
 .text.twi_init
                0x00003922       0x3c twi.o
                0x00003922                twi_init
 .text.twi_readFrom
                0x0000395e       0x9c twi.o
                0x0000395e                twi_readFrom
 .text.twi_writeTo
                0x000039fa       0xba twi.o
                0x000039fa                twi_writeTo
 .text.twi_transmit
                0x00003ab4       0x3e twi.o
                0x00003ab4                twi_transmit
 .text.twi_stop
                0x00003af2       0x16 twi.o
                0x00003af2                twi_stop
 .text.twi_releaseBus
                0x00003b08        0xc twi.o
                0x00003b08                twi_releaseBus
 .text.__vector_39
                0x00003b14      0x238 twi.o
                0x00003b14                __vector_39
 .text._ZN7TwoWire9availableEv
                0x00003d4c       0x10 Wire.o
                0x00003d4c                _ZN7TwoWire9availableEv
 .text._ZN7TwoWire4readEv
                0x00003d5c       0x26 Wire.o
                0x00003d5c                _ZN7TwoWire4readEv
 .text._ZN7TwoWire4peekEv
                0x00003d82       0x1e Wire.o
                0x00003d82                _ZN7TwoWire4peekEv
 .text._ZN7TwoWire5flushEv
                0x00003da0        0x2 Wire.o
                0x00003da0                _ZN7TwoWire5flushEv
 .text._ZN7TwoWire5writeEPKhj
                0x00003da2       0x5e Wire.o
                0x00003da2                _ZN7TwoWire5writeEPKhj
 .text._ZN7TwoWire5writeEh
                0x00003e00       0x60 Wire.o
                0x00003e00                _ZN7TwoWire5writeEh
 .text._ZN7TwoWireC2Ev
                0x00003e60       0x20 Wire.o
                0x00003e60                _ZN7TwoWireC1Ev
                0x00003e60                _ZN7TwoWireC2Ev
 .text._ZN7TwoWire5beginEv
                0x00003e80       0x14 Wire.o
                0x00003e80                _ZN7TwoWire5beginEv
 .text._ZN7TwoWire11requestFromEhhh
                0x00003e94       0x18 Wire.o
                0x00003e94                _ZN7TwoWire11requestFromEhhh
 .text._ZN7TwoWire11requestFromEhh
                0x00003eac        0x6 Wire.o
                0x00003eac                _ZN7TwoWire11requestFromEhh
 .text._ZN7TwoWire17beginTransmissionEh
                0x00003eb2       0x14 Wire.o
                0x00003eb2                _ZN7TwoWire17beginTransmissionEh
 .text._ZN7TwoWire15endTransmissionEh
                0x00003ec6       0x24 Wire.o
                0x00003ec6                _ZN7TwoWire15endTransmissionEh
 .text._ZN7TwoWire15endTransmissionEv
                0x00003eea        0x6 Wire.o
                0x00003eea                _ZN7TwoWire15endTransmissionEv
 .text._GLOBAL__sub_I__ZN7TwoWire8rxBufferE
                0x00003ef0        0x8 Wire.o
 .text.avr-libc.fplib
                0x00003ef8        0xa c:/program files (x86)/atmel/atmel toolchain/avr8 gcc/native/3.4.1061/avr8-gnu-toolchain/bin/../lib/gcc/avr/4.8.1/../../../../avr/lib/avr6\libm.a(addsf3.o)
                0x00003ef8                __subsf3
                0x00003efa                __addsf3
 .text.avr-libc.fplib
                0x00003f02       0xc0 c:/program files (x86)/atmel/atmel toolchain/avr8 gcc/native/3.4.1061/avr8-gnu-toolchain/bin/../lib/gcc/avr/4.8.1/../../../../avr/lib/avr6\libm.a(addsf3x.o)
                0x00003f1c                __addsf3x
 .text.avr-libc.fplib
                0x00003fc2       0x2e c:/program files (x86)/atmel/atmel toolchain/avr8 gcc/native/3.4.1061/avr8-gnu-toolchain/bin/../lib/gcc/avr/4.8.1/../../../../avr/lib/avr6\libm.a(asin.o)
                0x00003fc2                asin
 .text.avr-libc.fplib
                0x00003ff0       0x74 c:/program files (x86)/atmel/atmel toolchain/avr8 gcc/native/3.4.1061/avr8-gnu-toolchain/bin/../lib/gcc/avr/4.8.1/../../../../avr/lib/avr6\libm.a(atan2.o)
                0x0000400e                atan2
 .text.avr-libc.fplib
                0x00004064       0x50 c:/program files (x86)/atmel/atmel toolchain/avr8 gcc/native/3.4.1061/avr8-gnu-toolchain/bin/../lib/gcc/avr/4.8.1/../../../../avr/lib/avr6\libm.a(atan.o)
                0x00004064                atan
 .text.avr-libc.fplib
                0x000040b4        0x8 c:/program files (x86)/atmel/atmel toolchain/avr8 gcc/native/3.4.1061/avr8-gnu-toolchain/bin/../lib/gcc/avr/4.8.1/../../../../avr/lib/avr6\libm.a(cmpsf2.o)
                0x000040b4                __nesf2
                0x000040b4                __eqsf2
                0x000040b4                __cmpsf2
                0x000040b4                __ltsf2
                0x000040b4                __lesf2
 .text.avr-libc.fplib
                0x000040bc        0x6 c:/program files (x86)/atmel/atmel toolchain/avr8 gcc/native/3.4.1061/avr8-gnu-toolchain/bin/../lib/gcc/avr/4.8.1/../../../../avr/lib/avr6\libm.a(cos.o)
                0x000040bc                cos
 .text.avr-libc.fplib
                0x000040c2        0x4 c:/program files (x86)/atmel/atmel toolchain/avr8 gcc/native/3.4.1061/avr8-gnu-toolchain/bin/../lib/gcc/avr/4.8.1/../../../../avr/lib/avr6\libm.a(divsf3.o)
                0x000040c2                __divsf3
 .text.avr-libc.fplib
                0x000040c6       0xcc c:/program files (x86)/atmel/atmel toolchain/avr8 gcc/native/3.4.1061/avr8-gnu-toolchain/bin/../lib/gcc/avr/4.8.1/../../../../avr/lib/avr6\libm.a(divsf3x.o)
                0x000040dc                __divsf3x
                0x000040e0                __divsf3_pse
 .text.avr-libc.fplib
                0x00004192        0xa c:/program files (x86)/atmel/atmel toolchain/avr8 gcc/native/3.4.1061/avr8-gnu-toolchain/bin/../lib/gcc/avr/4.8.1/../../../../avr/lib/avr6\libm.a(fixsfsi.o)
                0x00004192                __fixsfsi
 .text.avr-libc.fplib
                0x0000419c       0x58 c:/program files (x86)/atmel/atmel toolchain/avr8 gcc/native/3.4.1061/avr8-gnu-toolchain/bin/../lib/gcc/avr/4.8.1/../../../../avr/lib/avr6\libm.a(fixunssfsi.o)
                0x0000419c                __fixunssfsi
 .text.avr-libc.fplib
                0x000041f4       0x7a c:/program files (x86)/atmel/atmel toolchain/avr8 gcc/native/3.4.1061/avr8-gnu-toolchain/bin/../lib/gcc/avr/4.8.1/../../../../avr/lib/avr6\libm.a(floatsisf.o)
                0x000041f4                __floatunsisf
                0x000041f8                __floatsisf
 .text.avr-libc.fplib
                0x0000426e       0x36 c:/program files (x86)/atmel/atmel toolchain/avr8 gcc/native/3.4.1061/avr8-gnu-toolchain/bin/../lib/gcc/avr/4.8.1/../../../../avr/lib/avr6\libm.a(fp_arccos.o)
                0x0000426e                __fp_arccos
 .text.avr-libc.fplib
                0x000042a4       0x48 c:/program files (x86)/atmel/atmel toolchain/avr8 gcc/native/3.4.1061/avr8-gnu-toolchain/bin/../lib/gcc/avr/4.8.1/../../../../avr/lib/avr6\libm.a(fp_cmp.o)
                0x000042a4                __fp_cmp
 .text.avr-libc.fplib
                0x000042ec        0xc c:/program files (x86)/atmel/atmel toolchain/avr8 gcc/native/3.4.1061/avr8-gnu-toolchain/bin/../lib/gcc/avr/4.8.1/../../../../avr/lib/avr6\libm.a(fp_inf.o)
                0x000042ec                __fp_inf
 .text.avr-libc.fplib
                0x000042f8        0x6 c:/program files (x86)/atmel/atmel toolchain/avr8 gcc/native/3.4.1061/avr8-gnu-toolchain/bin/../lib/gcc/avr/4.8.1/../../../../avr/lib/avr6\libm.a(fp_nan.o)
                0x000042f8                __fp_nan
 .text.avr-libc.fplib
                0x000042fe       0x4a c:/program files (x86)/atmel/atmel toolchain/avr8 gcc/native/3.4.1061/avr8-gnu-toolchain/bin/../lib/gcc/avr/4.8.1/../../../../avr/lib/avr6\libm.a(fp_powser.o)
                0x000042fe                __fp_powser
 .text.avr-libc.fplib
                0x00004348       0x22 c:/program files (x86)/atmel/atmel toolchain/avr8 gcc/native/3.4.1061/avr8-gnu-toolchain/bin/../lib/gcc/avr/4.8.1/../../../../avr/lib/avr6\libm.a(fp_powsodd.o)
                0x00004348                __fp_powsodd
 .text.avr-libc.fplib
                0x0000436a        0xe c:/program files (x86)/atmel/atmel toolchain/avr8 gcc/native/3.4.1061/avr8-gnu-toolchain/bin/../lib/gcc/avr/4.8.1/../../../../avr/lib/avr6\libm.a(fp_pscA.o)
                0x0000436a                __fp_pscA
 .text.avr-libc.fplib
                0x00004378        0xe c:/program files (x86)/atmel/atmel toolchain/avr8 gcc/native/3.4.1061/avr8-gnu-toolchain/bin/../lib/gcc/avr/4.8.1/../../../../avr/lib/avr6\libm.a(fp_pscB.o)
                0x00004378                __fp_pscB
 .text.avr-libc.fplib
                0x00004386       0x50 c:/program files (x86)/atmel/atmel toolchain/avr8 gcc/native/3.4.1061/avr8-gnu-toolchain/bin/../lib/gcc/avr/4.8.1/../../../../avr/lib/avr6\libm.a(fp_rempio2.o)
                0x00004388                __fp_rempio2
 .text.avr-libc.fplib
                0x000043d6       0x22 c:/program files (x86)/atmel/atmel toolchain/avr8 gcc/native/3.4.1061/avr8-gnu-toolchain/bin/../lib/gcc/avr/4.8.1/../../../../avr/lib/avr6\libm.a(fp_round.o)
                0x000043d6                __fp_round
 .text.avr-libc.fplib
                0x000043f8       0x22 c:/program files (x86)/atmel/atmel toolchain/avr8 gcc/native/3.4.1061/avr8-gnu-toolchain/bin/../lib/gcc/avr/4.8.1/../../../../avr/lib/avr6\libm.a(fp_sinus.o)
                0x000043f8                __fp_sinus
 .text.avr-libc.fplib
                0x0000441a       0x44 c:/program files (x86)/atmel/atmel toolchain/avr8 gcc/native/3.4.1061/avr8-gnu-toolchain/bin/../lib/gcc/avr/4.8.1/../../../../avr/lib/avr6\libm.a(fp_split3.o)
                0x0000441a                __fp_split3
                0x0000442a                __fp_splitA
 .text.avr-libc.fplib
                0x0000445e        0xe c:/program files (x86)/atmel/atmel toolchain/avr8 gcc/native/3.4.1061/avr8-gnu-toolchain/bin/../lib/gcc/avr/4.8.1/../../../../avr/lib/avr6\libm.a(fp_zero.o)
                0x0000445e                __fp_zero
                0x00004460                __fp_szero
 .text.avr-libc.fplib
                0x0000446c        0x8 c:/program files (x86)/atmel/atmel toolchain/avr8 gcc/native/3.4.1061/avr8-gnu-toolchain/bin/../lib/gcc/avr/4.8.1/../../../../avr/lib/avr6\libm.a(gesf2.o)
                0x0000446c                __gesf2
                0x0000446c                __gtsf2
 .text.avr-libc.fplib
                0x00004474        0xe c:/program files (x86)/atmel/atmel toolchain/avr8 gcc/native/3.4.1061/avr8-gnu-toolchain/bin/../lib/gcc/avr/4.8.1/../../../../avr/lib/avr6\libm.a(inverse.o)
                0x00004474                inverse
 .text.avr-libc.fplib
                0x00004482        0x4 c:/program files (x86)/atmel/atmel toolchain/avr8 gcc/native/3.4.1061/avr8-gnu-toolchain/bin/../lib/gcc/avr/4.8.1/../../../../avr/lib/avr6\libm.a(mulsf3.o)
                0x00004482                __mulsf3
 .text.avr-libc.fplib
                0x00004486       0xc2 c:/program files (x86)/atmel/atmel toolchain/avr8 gcc/native/3.4.1061/avr8-gnu-toolchain/bin/../lib/gcc/avr/4.8.1/../../../../avr/lib/avr6\libm.a(mulsf3x.o)
                0x0000449a                __mulsf3x
                0x0000449e                __mulsf3_pse
 .text.avr-libc.fplib
                0x00004548       0x98 c:/program files (x86)/atmel/atmel toolchain/avr8 gcc/native/3.4.1061/avr8-gnu-toolchain/bin/../lib/gcc/avr/4.8.1/../../../../avr/lib/avr6\libm.a(pow.o)
                0x00004548                pow
 .text.avr-libc.fplib
                0x000045e0        0xc c:/program files (x86)/atmel/atmel toolchain/avr8 gcc/native/3.4.1061/avr8-gnu-toolchain/bin/../lib/gcc/avr/4.8.1/../../../../avr/lib/avr6\libm.a(sin.o)
                0x000045e0                sin
 .text.avr-libc.fplib
                0x000045ec       0x84 c:/program files (x86)/atmel/atmel toolchain/avr8 gcc/native/3.4.1061/avr8-gnu-toolchain/bin/../lib/gcc/avr/4.8.1/../../../../avr/lib/avr6\libm.a(sqrt.o)
                0x000045f4                sqrt
 .text.avr-libc.fplib
                0x00004670        0x6 c:/program files (x86)/atmel/atmel toolchain/avr8 gcc/native/3.4.1061/avr8-gnu-toolchain/bin/../lib/gcc/avr/4.8.1/../../../../avr/lib/avr6\libm.a(square.o)
                0x00004670                square
 .text.avr-libc.fplib
                0x00004676       0x62 c:/program files (x86)/atmel/atmel toolchain/avr8 gcc/native/3.4.1061/avr8-gnu-toolchain/bin/../lib/gcc/avr/4.8.1/../../../../avr/lib/avr6\libm.a(exp.o)
                0x00004680                exp
 .text.avr-libc.fplib
                0x000046d8       0x1c c:/program files (x86)/atmel/atmel toolchain/avr8 gcc/native/3.4.1061/avr8-gnu-toolchain/bin/../lib/gcc/avr/4.8.1/../../../../avr/lib/avr6\libm.a(fp_mpack.o)
                0x000046d8                __fp_mpack
                0x000046dc                __fp_mpack_finite
 .text.avr-libc.fplib
                0x000046f4        0xe c:/program files (x86)/atmel/atmel toolchain/avr8 gcc/native/3.4.1061/avr8-gnu-toolchain/bin/../lib/gcc/avr/4.8.1/../../../../avr/lib/avr6\libm.a(fp_norm2.o)
                0x000046f4                __fp_norm2
 .text.avr-libc.fplib
                0x00004702       0x6c c:/program files (x86)/atmel/atmel toolchain/avr8 gcc/native/3.4.1061/avr8-gnu-toolchain/bin/../lib/gcc/avr/4.8.1/../../../../avr/lib/avr6\libm.a(ldexp.o)
                0x00004706                ldexp
 .text.avr-libc.fplib
                0x0000476e       0x8a c:/program files (x86)/atmel/atmel toolchain/avr8 gcc/native/3.4.1061/avr8-gnu-toolchain/bin/../lib/gcc/avr/4.8.1/../../../../avr/lib/avr6\libm.a(log.o)
                0x00004778                log
 .text.avr-libc.fplib
                0x000047f8       0x66 c:/program files (x86)/atmel/atmel toolchain/avr8 gcc/native/3.4.1061/avr8-gnu-toolchain/bin/../lib/gcc/avr/4.8.1/../../../../avr/lib/avr6\libm.a(modf.o)
                0x000047f8                modf
                0x000047f8                modff
 .text._ZN14HardwareSerial9availableEv
                0x0000485e       0x30 ../../../Arduino/Arduino/Debug\libArduino.a(HardwareSerial.o)
                0x0000485e                _ZN14HardwareSerial9availableEv
 .text._ZN14HardwareSerial4peekEv
                0x0000488e       0x32 ../../../Arduino/Arduino/Debug\libArduino.a(HardwareSerial.o)
                0x0000488e                _ZN14HardwareSerial4peekEv
 .text._ZN14HardwareSerial4readEv
                0x000048c0       0x42 ../../../Arduino/Arduino/Debug\libArduino.a(HardwareSerial.o)
                0x000048c0                _ZN14HardwareSerial4readEv
 .text._ZN14HardwareSerial5flushEv
                0x00004902       0x16 ../../../Arduino/Arduino/Debug\libArduino.a(HardwareSerial.o)
                0x00004902                _ZN14HardwareSerial5flushEv
 .text._ZN14HardwareSerial5writeEh
                0x00004918       0x8c ../../../Arduino/Arduino/Debug\libArduino.a(HardwareSerial.o)
                0x00004918                _ZN14HardwareSerial5writeEh
 .text.__vector_25
                0x000049a4       0x80 ../../../Arduino/Arduino/Debug\libArduino.a(HardwareSerial.o)
                0x000049a4                __vector_25
 .text.__vector_36
                0x00004a24       0x80 ../../../Arduino/Arduino/Debug\libArduino.a(HardwareSerial.o)
                0x00004a24                __vector_36
 .text.__vector_26
                0x00004aa4       0x7e ../../../Arduino/Arduino/Debug\libArduino.a(HardwareSerial.o)
                0x00004aa4                __vector_26
 .text.__vector_37
                0x00004b22       0x7e ../../../Arduino/Arduino/Debug\libArduino.a(HardwareSerial.o)
                0x00004b22                __vector_37
 .text.__vector_52
                0x00004ba0       0x7e ../../../Arduino/Arduino/Debug\libArduino.a(HardwareSerial.o)
                0x00004ba0                __vector_52
 .text.__vector_55
                0x00004c1e       0x7e ../../../Arduino/Arduino/Debug\libArduino.a(HardwareSerial.o)
                0x00004c1e                __vector_55
 .text._ZN14HardwareSerialC2EP11ring_bufferS1_PVhS3_S3_S3_S3_S3_hhhhh
                0x00004c9c       0x88 ../../../Arduino/Arduino/Debug\libArduino.a(HardwareSerial.o)
                0x00004c9c                _ZN14HardwareSerialC2EP11ring_bufferS1_PVhS3_S3_S3_S3_S3_hhhhh
                0x00004c9c                _ZN14HardwareSerialC1EP11ring_bufferS1_PVhS3_S3_S3_S3_S3_hhhhh
 .text._ZN14HardwareSerial5beginEm
                0x00004d24      0x106 ../../../Arduino/Arduino/Debug\libArduino.a(HardwareSerial.o)
                0x00004d24                _ZN14HardwareSerial5beginEm
 .text._GLOBAL__sub_I_rx_buffer
                0x00004e2a      0x18e ../../../Arduino/Arduino/Debug\libArduino.a(HardwareSerial.o)
 .text._ZN5Print5writeEPKhj
                0x00004fb8       0x5c ../../../Arduino/Arduino/Debug\libArduino.a(Print.o)
                0x00004fb8                _ZN5Print5writeEPKhj
 .text._ZN5Print5printEPKc
                0x00005014       0x2c ../../../Arduino/Arduino/Debug\libArduino.a(Print.o)
                0x00005014                _ZN5Print5printEPKc
 .text._ZN5Print5printEc
                0x00005040       0x10 ../../../Arduino/Arduino/Debug\libArduino.a(Print.o)
                0x00005040                _ZN5Print5printEc
 .text._ZN5Print7printlnEv
                0x00005050       0x24 ../../../Arduino/Arduino/Debug\libArduino.a(Print.o)
                0x00005050                _ZN5Print7printlnEv
 .text._ZN5Print7printlnEPKc
                0x00005074       0x20 ../../../Arduino/Arduino/Debug\libArduino.a(Print.o)
                0x00005074                _ZN5Print7printlnEPKc
 .text._ZN5Print11printNumberEmh
                0x00005094       0xf4 ../../../Arduino/Arduino/Debug\libArduino.a(Print.o)
                0x00005094                _ZN5Print11printNumberEmh
 .text._ZN5Print5printEli
                0x00005188       0x70 ../../../Arduino/Arduino/Debug\libArduino.a(Print.o)
                0x00005188                _ZN5Print5printEli
 .text._ZN5Print5printEii
                0x000051f8       0x10 ../../../Arduino/Arduino/Debug\libArduino.a(Print.o)
                0x000051f8                _ZN5Print5printEii
 .text._ZN5Print7printlnEii
                0x00005208       0x2c ../../../Arduino/Arduino/Debug\libArduino.a(Print.o)
                0x00005208                _ZN5Print7printlnEii
 .text.__vector_23
                0x00005234       0x94 ../../../Arduino/Arduino/Debug\libArduino.a(wiring.o)
                0x00005234                __vector_23
 .text.millis   0x000052c8       0x18 ../../../Arduino/Arduino/Debug\libArduino.a(wiring.o)
                0x000052c8                millis
 .text.micros   0x000052e0       0x4c ../../../Arduino/Arduino/Debug\libArduino.a(wiring.o)
                0x000052e0                micros
 .text.delay    0x0000532c       0x50 ../../../Arduino/Arduino/Debug\libArduino.a(wiring.o)
                0x0000532c                delay
 .text.delayMicroseconds
                0x0000537c       0x16 ../../../Arduino/Arduino/Debug\libArduino.a(wiring.o)
                0x0000537c                delayMicroseconds
 .text.init     0x00005392       0xc4 ../../../Arduino/Arduino/Debug\libArduino.a(wiring.o)
                0x00005392                init
 .text.analogRead
                0x00005456       0x48 ../../../Arduino/Arduino/Debug\libArduino.a(wiring_analog.o)
                0x00005456                analogRead
 .text.analogWrite
                0x0000549e      0x17a ../../../Arduino/Arduino/Debug\libArduino.a(wiring_analog.o)
                0x0000549e                analogWrite
 .text.turnOffPWM
                0x00005618       0xc0 ../../../Arduino/Arduino/Debug\libArduino.a(wiring_digital.o)
 .text.pinMode  0x000056d8       0x7c ../../../Arduino/Arduino/Debug\libArduino.a(wiring_digital.o)
                0x000056d8                pinMode
 .text.digitalWrite
                0x00005754       0x60 ../../../Arduino/Arduino/Debug\libArduino.a(wiring_digital.o)
                0x00005754                digitalWrite
 .text.libgcc.mul
                0x000057b4       0x1e c:/program files (x86)/atmel/atmel toolchain/avr8 gcc/native/3.4.1061/avr8-gnu-toolchain/bin/../lib/gcc/avr/4.8.1/avr6\libgcc.a(_mulsi3.o)
                0x000057b4                __mulsi3
 .text.libgcc.div
                0x000057d2       0x44 c:/program files (x86)/atmel/atmel toolchain/avr8 gcc/native/3.4.1061/avr8-gnu-toolchain/bin/../lib/gcc/avr/4.8.1/avr6\libgcc.a(_udivmodsi4.o)
                0x000057d2                __udivmodsi4
 .text.libgcc   0x00005816        0xc c:/program files (x86)/atmel/atmel toolchain/avr8 gcc/native/3.4.1061/avr8-gnu-toolchain/bin/../lib/gcc/avr/4.8.1/avr6\libgcc.a(_tablejump.o)
                0x00005816                __tablejump2__
                0x0000581a                __tablejump__
 .text.libgcc.mul
                0x00005822       0x1e c:/program files (x86)/atmel/atmel toolchain/avr8 gcc/native/3.4.1061/avr8-gnu-toolchain/bin/../lib/gcc/avr/4.8.1/avr6\libgcc.a(_umulhisi3.o)
                0x00005822                __umulhisi3
 .text.libgcc.mul
                0x00005840       0x14 c:/program files (x86)/atmel/atmel toolchain/avr8 gcc/native/3.4.1061/avr8-gnu-toolchain/bin/../lib/gcc/avr/4.8.1/avr6\libgcc.a(_muluhisi3.o)
                0x00005840                __muluhisi3
 .text.libgcc   0x00005854        0x8 c:/program files (x86)/atmel/atmel toolchain/avr8 gcc/native/3.4.1061/avr8-gnu-toolchain/bin/../lib/gcc/avr/4.8.1/avr6\libgcc.a(_tablejump_elpm.o)
                0x00005854                __tablejump_elpm__
 .text.avr-libc
                0x0000585c       0x50 c:/program files (x86)/atmel/atmel toolchain/avr8 gcc/native/3.4.1061/avr8-gnu-toolchain/bin/../lib/gcc/avr/4.8.1/../../../../avr/lib/avr6\libc.a(vsprintf.o)
                0x0000585c                vsprintf
 .text.avr-libc
                0x000058ac      0x3dc c:/program files (x86)/atmel/atmel toolchain/avr8 gcc/native/3.4.1061/avr8-gnu-toolchain/bin/../lib/gcc/avr/4.8.1/../../../../avr/lib/avr6\libc.a(vfprintf_std.o)
                0x000058ac                vfprintf
 .text.avr-libc
                0x00005c88       0x16 c:/program files (x86)/atmel/atmel toolchain/avr8 gcc/native/3.4.1061/avr8-gnu-toolchain/bin/../lib/gcc/avr/4.8.1/../../../../avr/lib/avr6\libc.a(strnlen_P.o)
                0x00005c88                strnlen_P
 .text.avr-libc
                0x00005c9e       0x16 c:/program files (x86)/atmel/atmel toolchain/avr8 gcc/native/3.4.1061/avr8-gnu-toolchain/bin/../lib/gcc/avr/4.8.1/../../../../avr/lib/avr6\libc.a(strnlen.o)
                0x00005c9e                strnlen
 .text.avr-libc
                0x00005cb4       0x64 c:/program files (x86)/atmel/atmel toolchain/avr8 gcc/native/3.4.1061/avr8-gnu-toolchain/bin/../lib/gcc/avr/4.8.1/../../../../avr/lib/avr6\libc.a(fputc.o)
                0x00005cb4                fputc
 .text.avr-libc
                0x00005d18       0xbc c:/program files (x86)/atmel/atmel toolchain/avr8 gcc/native/3.4.1061/avr8-gnu-toolchain/bin/../lib/gcc/avr/4.8.1/../../../../avr/lib/avr6\libc.a(ultoa_invert.o)
                0x00005d18                __ultoa_invert
                0x00005dd4                . = ALIGN (0x2)
 *(.fini9)
 .fini9         0x00005dd4        0x0 c:/program files (x86)/atmel/atmel toolchain/avr8 gcc/native/3.4.1061/avr8-gnu-toolchain/bin/../lib/gcc/avr/4.8.1/avr6\libgcc.a(_exit.o)
                0x00005dd4                _exit
                0x00005dd4                exit
 *(.fini9)
 *(.fini8)
 *(.fini8)
 *(.fini7)
 *(.fini7)
 *(.fini6)
 *(.fini6)
 *(.fini5)
 *(.fini5)
 *(.fini4)
 *(.fini4)
 *(.fini3)
 *(.fini3)
 *(.fini2)
 *(.fini2)
 *(.fini1)
 *(.fini1)
 *(.fini0)
 .fini0         0x00005dd4        0x4 c:/program files (x86)/atmel/atmel toolchain/avr8 gcc/native/3.4.1061/avr8-gnu-toolchain/bin/../lib/gcc/avr/4.8.1/avr6\libgcc.a(_exit.o)
 *(.fini0)
                0x00005dd8                _etext = .

.data           0x00800200       0xde load address 0x00005dd8
                0x00800200                PROVIDE (__data_start, .)
 *(.data)
 *(.data*)
 .data.Update_Matrix
                0x00800200       0x24 CG3002RTOS.o
                0x00800200                Update_Matrix
 .data.DCM_Matrix
                0x00800224       0x24 CG3002RTOS.o
                0x00800224                DCM_Matrix
 .data.G_Dt     0x00800248        0x4 CG3002RTOS.o
                0x00800248                G_Dt
 .data.SENSOR_SIGN
                0x0080024c       0x12 CG3002RTOS.o
                0x0080024c                SENSOR_SIGN
 .data.xNextTaskUnblockTime
                0x0080025e        0x2 tasks.o
 .data.analog_reference
                0x00800260        0x1 ../../../Arduino/Arduino/Debug\libArduino.a(wiring_analog.o)
                0x00800260                analog_reference
 *(.rodata)
 .rodata        0x00800261        0xc LSM303.o
 *(.rodata*)
 .rodata.str1.1
                0x0080026d       0x4b CG3002RTOS.o
 .rodata.str1.1
                0x008002b8        0x5 tasks.o
 .rodata._ZTV7TwoWire
                0x008002bd       0x10 Wire.o
                0x008002bd                _ZTV7TwoWire
 .rodata._ZTV14HardwareSerial
                0x008002cd       0x10 ../../../Arduino/Arduino/Debug\libArduino.a(HardwareSerial.o)
                0x008002cd                _ZTV14HardwareSerial
 *(.gnu.linkonce.d*)
                0x008002de                . = ALIGN (0x2)
 *fill*         0x008002dd        0x1 
                0x008002de                _edata = .
                0x008002de                PROVIDE (__data_end, .)

.bss            0x008002de      0xf3b
                0x008002de                PROVIDE (__bss_start, .)
 *(.bss)
 *(.bss*)
 .bss._ZZ16Drift_correctionvE14Scaled_Omega_P
                0x008002de        0xc CG3002RTOS.o
 .bss._ZZ16Drift_correctionvE14Scaled_Omega_I
                0x008002ea        0xc CG3002RTOS.o
 .bss.prvHeading
                0x008002f6        0x4 CG3002RTOS.o
                0x008002f6                prvHeading
 .bss.debugBuffer
                0x008002fa      0x400 CG3002RTOS.o
                0x008002fa                debugBuffer
 .bss.compass   0x008006fa       0x26 CG3002RTOS.o
                0x008006fa                compass
 .bss.gyro      0x00800720        0xc CG3002RTOS.o
                0x00800720                gyro
 .bss.Temporary_Matrix
                0x0080072c       0x24 CG3002RTOS.o
                0x0080072c                Temporary_Matrix
 .bss.counter   0x00800750        0x2 CG3002RTOS.o
                0x00800750                counter
 .bss.errorYaw  0x00800752        0xc CG3002RTOS.o
                0x00800752                errorYaw
 .bss.errorRollPitch
                0x0080075e        0xc CG3002RTOS.o
                0x0080075e                errorRollPitch
 .bss.yaw       0x0080076a        0x4 CG3002RTOS.o
                0x0080076a                yaw
 .bss.pitch     0x0080076e        0x4 CG3002RTOS.o
                0x0080076e                pitch
 .bss.roll      0x00800772        0x4 CG3002RTOS.o
                0x00800772                roll
 .bss.Omega     0x00800776        0xc CG3002RTOS.o
                0x00800776                Omega
 .bss.Omega_I   0x00800782        0xc CG3002RTOS.o
                0x00800782                Omega_I
 .bss.Omega_P   0x0080078e        0xc CG3002RTOS.o
                0x0080078e                Omega_P
 .bss.Omega_Vector
                0x0080079a        0xc CG3002RTOS.o
                0x0080079a                Omega_Vector
 .bss.Gyro_Vector
                0x008007a6        0xc CG3002RTOS.o
                0x008007a6                Gyro_Vector
 .bss.Accel_Vector
                0x008007b2        0xc CG3002RTOS.o
                0x008007b2                Accel_Vector
 .bss.MAG_Heading
                0x008007be        0x4 CG3002RTOS.o
                0x008007be                MAG_Heading
 .bss.c_magnetom_z
                0x008007c2        0x4 CG3002RTOS.o
                0x008007c2                c_magnetom_z
 .bss.c_magnetom_y
                0x008007c6        0x4 CG3002RTOS.o
                0x008007c6                c_magnetom_y
 .bss.c_magnetom_x
                0x008007ca        0x4 CG3002RTOS.o
                0x008007ca                c_magnetom_x
 .bss.magnetom_z
                0x008007ce        0x2 CG3002RTOS.o
                0x008007ce                magnetom_z
 .bss.magnetom_y
                0x008007d0        0x2 CG3002RTOS.o
                0x008007d0                magnetom_y
 .bss.magnetom_x
                0x008007d2        0x2 CG3002RTOS.o
                0x008007d2                magnetom_x
 .bss.accel_z   0x008007d4        0x2 CG3002RTOS.o
                0x008007d4                accel_z
 .bss.accel_y   0x008007d6        0x2 CG3002RTOS.o
                0x008007d6                accel_y
 .bss.accel_x   0x008007d8        0x2 CG3002RTOS.o
                0x008007d8                accel_x
 .bss.gyro_z    0x008007da        0x2 CG3002RTOS.o
                0x008007da                gyro_z
 .bss.gyro_y    0x008007dc        0x2 CG3002RTOS.o
                0x008007dc                gyro_y
 .bss.gyro_x    0x008007de        0x2 CG3002RTOS.o
                0x008007de                gyro_x
 .bss.AN_OFFSET
                0x008007e0        0xc CG3002RTOS.o
                0x008007e0                AN_OFFSET
 .bss.AN        0x008007ec        0xc CG3002RTOS.o
                0x008007ec                AN
 .bss.timer_old
                0x008007f8        0x4 CG3002RTOS.o
                0x008007f8                timer_old
 .bss.timer     0x008007fc        0x4 CG3002RTOS.o
                0x008007fc                timer
 .bss.ir_distance
                0x00800800        0x2 CG3002RTOS.o
                0x00800800                ir_distance
 .bss.ir_value  0x00800802        0x4 CG3002RTOS.o
                0x00800802                ir_value
 .bss.uS        0x00800806        0x2 CG3002RTOS.o
                0x00800806                uS
 .bss.sonar     0x00800808       0x5a CG3002RTOS.o
                0x00800808                sonar
 .bss.isConnected
                0x00800862        0x1 CG3002RTOS.o
                0x00800862                isConnected
 .bss.cm        0x00800863        0xa CG3002RTOS.o
                0x00800863                cm
 .bss.pucAlignedHeap.1837
                0x0080086d        0x2 heap_1.o
 .bss.xNextFreeByte
                0x0080086f        0x2 heap_1.o
 .bss.ucHeap    0x00800871      0x5dc heap_1.o
 .bss.intFunc   0x00800e4d        0x2 NewPing.o
                0x00800e4d                intFunc
 .bss.uxSchedulerSuspended
                0x00800e4f        0x1 tasks.o
 .bss.uxTaskNumber
                0x00800e50        0x1 tasks.o
 .bss.xNumOfOverflows
                0x00800e51        0x1 tasks.o
 .bss.xYieldPending
                0x00800e52        0x1 tasks.o
 .bss.uxPendedTicks
                0x00800e53        0x1 tasks.o
 .bss.xSchedulerRunning
                0x00800e54        0x1 tasks.o
 .bss.uxTopReadyPriority
                0x00800e55        0x1 tasks.o
 .bss.xTickCount
                0x00800e56        0x2 tasks.o
 .bss.uxCurrentNumberOfTasks
                0x00800e58        0x1 tasks.o
 .bss.uxTasksDeleted
                0x00800e59        0x1 tasks.o
 .bss.xTasksWaitingTermination
                0x00800e5a        0x9 tasks.o
 .bss.xPendingReadyList
                0x00800e63        0x9 tasks.o
 .bss.pxOverflowDelayedTaskList
                0x00800e6c        0x2 tasks.o
 .bss.pxDelayedTaskList
                0x00800e6e        0x2 tasks.o
 .bss.xDelayedTaskList2
                0x00800e70        0x9 tasks.o
 .bss.xDelayedTaskList1
                0x00800e79        0x9 tasks.o
 .bss.pxReadyTasksLists
                0x00800e82       0x24 tasks.o
 .bss.pxCurrentTCB
                0x00800ea6        0x2 tasks.o
                0x00800ea6                pxCurrentTCB
 .bss.twi_error
                0x00800ea8        0x1 twi.o
 .bss.twi_rxBufferIndex
                0x00800ea9        0x1 twi.o
 .bss.twi_rxBuffer
                0x00800eaa       0x20 twi.o
 .bss.twi_txBufferLength
                0x00800eca        0x1 twi.o
 .bss.twi_txBufferIndex
                0x00800ecb        0x1 twi.o
 .bss.twi_txBuffer
                0x00800ecc       0x20 twi.o
 .bss.twi_masterBufferLength
                0x00800eec        0x1 twi.o
 .bss.twi_masterBufferIndex
                0x00800eed        0x1 twi.o
 .bss.twi_masterBuffer
                0x00800eee       0x20 twi.o
 .bss.twi_onSlaveReceive
                0x00800f0e        0x2 twi.o
 .bss.twi_onSlaveTransmit
                0x00800f10        0x2 twi.o
 .bss.twi_inRepStart
                0x00800f12        0x1 twi.o
 .bss.twi_sendStop
                0x00800f13        0x1 twi.o
 .bss.twi_slarw
                0x00800f14        0x1 twi.o
 .bss.twi_state
                0x00800f15        0x1 twi.o
 .bss.Wire      0x00800f16        0xc Wire.o
                0x00800f16                Wire
 .bss._ZN7TwoWire12transmittingE
                0x00800f22        0x1 Wire.o
                0x00800f22                _ZN7TwoWire12transmittingE
 .bss._ZN7TwoWire14txBufferLengthE
                0x00800f23        0x1 Wire.o
                0x00800f23                _ZN7TwoWire14txBufferLengthE
 .bss._ZN7TwoWire13txBufferIndexE
                0x00800f24        0x1 Wire.o
                0x00800f24                _ZN7TwoWire13txBufferIndexE
 .bss._ZN7TwoWire8txBufferE
                0x00800f25       0x20 Wire.o
                0x00800f25                _ZN7TwoWire8txBufferE
 .bss._ZN7TwoWire9txAddressE
                0x00800f45        0x1 Wire.o
                0x00800f45                _ZN7TwoWire9txAddressE
 .bss._ZN7TwoWire14rxBufferLengthE
                0x00800f46        0x1 Wire.o
                0x00800f46                _ZN7TwoWire14rxBufferLengthE
 .bss._ZN7TwoWire13rxBufferIndexE
                0x00800f47        0x1 Wire.o
                0x00800f47                _ZN7TwoWire13rxBufferIndexE
 .bss._ZN7TwoWire8rxBufferE
                0x00800f48       0x20 Wire.o
                0x00800f48                _ZN7TwoWire8rxBufferE
 .bss.Serial3   0x00800f68       0x22 ../../../Arduino/Arduino/Debug\libArduino.a(HardwareSerial.o)
                0x00800f68                Serial3
 .bss.Serial2   0x00800f8a       0x22 ../../../Arduino/Arduino/Debug\libArduino.a(HardwareSerial.o)
                0x00800f8a                Serial2
 .bss.Serial1   0x00800fac       0x22 ../../../Arduino/Arduino/Debug\libArduino.a(HardwareSerial.o)
                0x00800fac                Serial1
 .bss.Serial    0x00800fce       0x22 ../../../Arduino/Arduino/Debug\libArduino.a(HardwareSerial.o)
                0x00800fce                Serial
 .bss.tx_buffer3
                0x00800ff0       0x44 ../../../Arduino/Arduino/Debug\libArduino.a(HardwareSerial.o)
                0x00800ff0                tx_buffer3
 .bss.rx_buffer3
                0x00801034       0x44 ../../../Arduino/Arduino/Debug\libArduino.a(HardwareSerial.o)
                0x00801034                rx_buffer3
 .bss.tx_buffer2
                0x00801078       0x44 ../../../Arduino/Arduino/Debug\libArduino.a(HardwareSerial.o)
                0x00801078                tx_buffer2
 .bss.rx_buffer2
                0x008010bc       0x44 ../../../Arduino/Arduino/Debug\libArduino.a(HardwareSerial.o)
                0x008010bc                rx_buffer2
 .bss.tx_buffer1
                0x00801100       0x44 ../../../Arduino/Arduino/Debug\libArduino.a(HardwareSerial.o)
                0x00801100                tx_buffer1
 .bss.rx_buffer1
                0x00801144       0x44 ../../../Arduino/Arduino/Debug\libArduino.a(HardwareSerial.o)
                0x00801144                rx_buffer1
 .bss.tx_buffer
                0x00801188       0x44 ../../../Arduino/Arduino/Debug\libArduino.a(HardwareSerial.o)
                0x00801188                tx_buffer
 .bss.rx_buffer
                0x008011cc       0x44 ../../../Arduino/Arduino/Debug\libArduino.a(HardwareSerial.o)
                0x008011cc                rx_buffer
 .bss.timer0_fract
                0x00801210        0x1 ../../../Arduino/Arduino/Debug\libArduino.a(wiring.o)
 .bss.timer0_millis
                0x00801211        0x4 ../../../Arduino/Arduino/Debug\libArduino.a(wiring.o)
                0x00801211                timer0_millis
 .bss.timer0_overflow_count
                0x00801215        0x4 ../../../Arduino/Arduino/Debug\libArduino.a(wiring.o)
                0x00801215                timer0_overflow_count
 *(COMMON)
                0x00801219                PROVIDE (__bss_end, .)
                0x00005dd8                __data_load_start = LOADADDR (.data)
                0x00005eb6                __data_load_end = (__data_load_start + SIZEOF (.data))

.noinit         0x00801219        0x0
                0x00801219                PROVIDE (__noinit_start, .)
 *(.noinit*)
                0x00801219                PROVIDE (__noinit_end, .)
                0x00801219                _end = .
                0x00801219                PROVIDE (__heap_start, .)

.eeprom         0x00810000        0x0
 *(.eeprom*)
                0x00810000                __eeprom_end = .

.fuse
 *(.fuse)
 *(.lfuse)
 *(.hfuse)
 *(.efuse)

.lock
 *(.lock*)

.signature
 *(.signature*)

.user_signatures
 *(.user_signatures*)

.stab
 *(.stab)

.stabstr
 *(.stabstr)

.stab.excl
 *(.stab.excl)

.stab.exclstr
 *(.stab.exclstr)

.stab.index
 *(.stab.index)

.stab.indexstr
 *(.stab.indexstr)

.comment        0x00000000       0x5c
 *(.comment)
 .comment       0x00000000       0x30 CG3002RTOS.o
                                 0x31 (size before relaxing)
 .comment       0x00000000       0x31 heap_1.o
 .comment       0x00000000       0x31 L3G.o
 .comment       0x00000000       0x31 list.o
 .comment       0x00000000       0x31 LSM303.o
 .comment       0x00000000       0x31 NewPing.o
 .comment       0x00000000       0x31 port.o
 .comment       0x00000000       0x31 tasks.o
 .comment       0x00000000       0x31 twi.o
 .comment       0x00000000       0x31 Wire.o
 .comment       0x00000000       0x31 ../../../Arduino/Arduino/Debug\libArduino.a(HardwareSerial.o)
 .comment       0x00000000       0x31 ../../../Arduino/Arduino/Debug\libArduino.a(Print.o)
 .comment       0x00000000       0x31 ../../../Arduino/Arduino/Debug\libArduino.a(wiring.o)
 .comment       0x00000000       0x31 ../../../Arduino/Arduino/Debug\libArduino.a(wiring_analog.o)
 .comment       0x00000000       0x31 ../../../Arduino/Arduino/Debug\libArduino.a(wiring_digital.o)
 .comment       0x00000000       0x31 c:/program files (x86)/atmel/atmel toolchain/avr8 gcc/native/3.4.1061/avr8-gnu-toolchain/bin/../lib/gcc/avr/4.8.1/../../../../avr/lib/avr6\libc.a(vsprintf.o)
 .comment       0x00000030       0x2c c:/program files (x86)/atmel/atmel toolchain/avr8 gcc/native/3.4.1061/avr8-gnu-toolchain/bin/../lib/gcc/avr/4.8.1/../../../../avr/lib/avr6\libc.a(vfprintf_std.o)
                                 0x2d (size before relaxing)
 .comment       0x00000000       0x31 c:/program files (x86)/atmel/atmel toolchain/avr8 gcc/native/3.4.1061/avr8-gnu-toolchain/bin/../lib/gcc/avr/4.8.1/../../../../avr/lib/avr6\libc.a(fputc.o)

.note.gnu.build-id
 *(.note.gnu.build-id)

.debug
 *(.debug)

.line
 *(.line)

.debug_srcinfo
 *(.debug_srcinfo)

.debug_sfnames
 *(.debug_sfnames)

.debug_aranges  0x00000000      0x808
 *(.debug_aranges)
 .debug_aranges
                0x00000000      0x128 CG3002RTOS.o
 .debug_aranges
                0x00000128       0x38 heap_1.o
 .debug_aranges
                0x00000160       0x70 L3G.o
 .debug_aranges
                0x000001d0       0x40 list.o
 .debug_aranges
                0x00000210       0xb0 LSM303.o
 .debug_aranges
                0x000002c0       0x98 NewPing.o
 .debug_aranges
                0x00000358       0x48 port.o
 .debug_aranges
                0x000003a0       0xd8 tasks.o
 .debug_aranges
                0x00000478       0x70 twi.o
 .debug_aranges
                0x000004e8       0xd0 Wire.o
 .debug_aranges
                0x000005b8       0xb8 ../../../Arduino/Arduino/Debug\libArduino.a(HardwareSerial.o)
 .debug_aranges
                0x00000670       0xe8 ../../../Arduino/Arduino/Debug\libArduino.a(Print.o)
 .debug_aranges
                0x00000758       0x48 ../../../Arduino/Arduino/Debug\libArduino.a(wiring.o)
 .debug_aranges
                0x000007a0       0x30 ../../../Arduino/Arduino/Debug\libArduino.a(wiring_analog.o)
 .debug_aranges
                0x000007d0       0x38 ../../../Arduino/Arduino/Debug\libArduino.a(wiring_digital.o)

.debug_pubnames
 *(.debug_pubnames)

.debug_info     0x00000000     0xf584
 *(.debug_info .gnu.linkonce.wi.*)
 .debug_info    0x00000000     0x2f7d CG3002RTOS.o
 .debug_info    0x00002f7d      0x1ad heap_1.o
 .debug_info    0x0000312a      0xd59 L3G.o
 .debug_info    0x00003e83      0x2c6 list.o
 .debug_info    0x00004149     0x1963 LSM303.o
 .debug_info    0x00005aac      0xbde NewPing.o
 .debug_info    0x0000668a      0x20d port.o
 .debug_info    0x00006897     0x137b tasks.o
 .debug_info    0x00007c12      0x70b twi.o
 .debug_info    0x0000831d     0x2013 Wire.o
 .debug_info    0x0000a330     0x2009 ../../../Arduino/Arduino/Debug\libArduino.a(HardwareSerial.o)
 .debug_info    0x0000c339     0x25f2 ../../../Arduino/Arduino/Debug\libArduino.a(Print.o)
 .debug_info    0x0000e92b      0x2ff ../../../Arduino/Arduino/Debug\libArduino.a(wiring.o)
 .debug_info    0x0000ec2a      0x32c ../../../Arduino/Arduino/Debug\libArduino.a(wiring_analog.o)
 .debug_info    0x0000ef56      0x62e ../../../Arduino/Arduino/Debug\libArduino.a(wiring_digital.o)

.debug_abbrev   0x00000000     0x2c64
 *(.debug_abbrev)
 .debug_abbrev  0x00000000      0x690 CG3002RTOS.o
 .debug_abbrev  0x00000690      0x12e heap_1.o
 .debug_abbrev  0x000007be      0x358 L3G.o
 .debug_abbrev  0x00000b16       0xf8 list.o
 .debug_abbrev  0x00000c0e      0x476 LSM303.o
 .debug_abbrev  0x00001084      0x37d NewPing.o
 .debug_abbrev  0x00001401      0x13d port.o
 .debug_abbrev  0x0000153e      0x304 tasks.o
 .debug_abbrev  0x00001842      0x251 twi.o
 .debug_abbrev  0x00001a93      0x4c2 Wire.o
 .debug_abbrev  0x00001f55      0x545 ../../../Arduino/Arduino/Debug\libArduino.a(HardwareSerial.o)
 .debug_abbrev  0x0000249a      0x3b9 ../../../Arduino/Arduino/Debug\libArduino.a(Print.o)
 .debug_abbrev  0x00002853      0x134 ../../../Arduino/Arduino/Debug\libArduino.a(wiring.o)
 .debug_abbrev  0x00002987      0x183 ../../../Arduino/Arduino/Debug\libArduino.a(wiring_analog.o)
 .debug_abbrev  0x00002b0a      0x15a ../../../Arduino/Arduino/Debug\libArduino.a(wiring_digital.o)

.debug_line     0x00000000     0x519c
 *(.debug_line .debug_line.* .debug_line_end)
 .debug_line    0x00000000      0xc9b CG3002RTOS.o
 .debug_line    0x00000c9b      0x23c heap_1.o
 .debug_line    0x00000ed7      0x550 L3G.o
 .debug_line    0x00001427      0x250 list.o
 .debug_line    0x00001677      0x98a LSM303.o
 .debug_line    0x00002001      0x4c6 NewPing.o
 .debug_line    0x000024c7      0x311 port.o
 .debug_line    0x000027d8      0x9f0 tasks.o
 .debug_line    0x000031c8      0x58f twi.o
 .debug_line    0x00003757      0x521 Wire.o
 .debug_line    0x00003c78      0x639 ../../../Arduino/Arduino/Debug\libArduino.a(HardwareSerial.o)
 .debug_line    0x000042b1      0x6b0 ../../../Arduino/Arduino/Debug\libArduino.a(Print.o)
 .debug_line    0x00004961      0x2cd ../../../Arduino/Arduino/Debug\libArduino.a(wiring.o)
 .debug_line    0x00004c2e      0x2c5 ../../../Arduino/Arduino/Debug\libArduino.a(wiring_analog.o)
 .debug_line    0x00004ef3      0x2a9 ../../../Arduino/Arduino/Debug\libArduino.a(wiring_digital.o)

.debug_frame    0x00000000     0x1c88
 *(.debug_frame)
 .debug_frame   0x00000000      0x5a8 CG3002RTOS.o
 .debug_frame   0x000005a8       0x60 heap_1.o
 .debug_frame   0x00000608      0x1a4 L3G.o
 .debug_frame   0x000007ac       0x88 list.o
 .debug_frame   0x00000834      0x2f4 LSM303.o
 .debug_frame   0x00000b28      0x230 NewPing.o
 .debug_frame   0x00000d58       0x74 port.o
 .debug_frame   0x00000dcc      0x2d4 tasks.o
 .debug_frame   0x000010a0      0x114 twi.o
 .debug_frame   0x000011b4      0x1d0 Wire.o
 .debug_frame   0x00001384      0x3c0 ../../../Arduino/Arduino/Debug\libArduino.a(HardwareSerial.o)
 .debug_frame   0x00001744      0x3b8 ../../../Arduino/Arduino/Debug\libArduino.a(Print.o)
 .debug_frame   0x00001afc       0xbc ../../../Arduino/Arduino/Debug\libArduino.a(wiring.o)
 .debug_frame   0x00001bb8       0x54 ../../../Arduino/Arduino/Debug\libArduino.a(wiring_analog.o)
 .debug_frame   0x00001c0c       0x7c ../../../Arduino/Arduino/Debug\libArduino.a(wiring_digital.o)

.debug_str      0x00000000     0x3b7d
 *(.debug_str)
 .debug_str     0x00000000     0x1899 CG3002RTOS.o
                               0x19b4 (size before relaxing)
 .debug_str     0x00001899      0x145 heap_1.o
                                0x21c (size before relaxing)
 .debug_str     0x000019de      0x11c L3G.o
                                0x6f2 (size before relaxing)
 .debug_str     0x00001afa      0x129 list.o
                                0x297 (size before relaxing)
 .debug_str     0x00001c23       0xca LSM303.o
                                0xc8a (size before relaxing)
 .debug_str     0x00001ced      0x131 NewPing.o
                                0x5b7 (size before relaxing)
 .debug_str     0x00001e1e       0xda port.o
                                0x26d (size before relaxing)
 .debug_str     0x00001ef8      0x539 tasks.o
                                0x931 (size before relaxing)
 .debug_str     0x00002431      0x1b7 twi.o
                                0x334 (size before relaxing)
 .debug_str     0x000025e8      0xe53 Wire.o
                               0x12c3 (size before relaxing)
 .debug_str     0x0000343b      0x334 ../../../Arduino/Arduino/Debug\libArduino.a(HardwareSerial.o)
                               0x115a (size before relaxing)
 .debug_str     0x0000376f      0x32d ../../../Arduino/Arduino/Debug\libArduino.a(Print.o)
                                0xe24 (size before relaxing)
 .debug_str     0x00003a9c       0x53 ../../../Arduino/Arduino/Debug\libArduino.a(wiring.o)
                                0x1e9 (size before relaxing)
 .debug_str     0x00003aef       0x5c ../../../Arduino/Arduino/Debug\libArduino.a(wiring_analog.o)
                                0x1fc (size before relaxing)
 .debug_str     0x00003b4b       0x32 ../../../Arduino/Arduino/Debug\libArduino.a(wiring_digital.o)
                                0x25d (size before relaxing)

.debug_loc      0x00000000     0x8de5
 *(.debug_loc)
 .debug_loc     0x00000000     0x137f CG3002RTOS.o
 .debug_loc     0x0000137f       0xf1 heap_1.o
 .debug_loc     0x00001470      0x87c L3G.o
 .debug_loc     0x00001cec      0x155 list.o
 .debug_loc     0x00001e41      0xf0a LSM303.o
 .debug_loc     0x00002d4b      0xa44 NewPing.o
 .debug_loc     0x0000378f      0x29b port.o
 .debug_loc     0x00003a2a     0x1012 tasks.o
 .debug_loc     0x00004a3c      0x5a3 twi.o
 .debug_loc     0x00004fdf      0x875 Wire.o
 .debug_loc     0x00005854      0xc6d ../../../Arduino/Arduino/Debug\libArduino.a(HardwareSerial.o)
 .debug_loc     0x000064c1     0x1f08 ../../../Arduino/Arduino/Debug\libArduino.a(Print.o)
 .debug_loc     0x000083c9      0x22a ../../../Arduino/Arduino/Debug\libArduino.a(wiring.o)
 .debug_loc     0x000085f3       0xf2 ../../../Arduino/Arduino/Debug\libArduino.a(wiring_analog.o)
 .debug_loc     0x000086e5      0x700 ../../../Arduino/Arduino/Debug\libArduino.a(wiring_digital.o)

.debug_macinfo
 *(.debug_macinfo)

.debug_weaknames
 *(.debug_weaknames)

.debug_funcnames
 *(.debug_funcnames)

.debug_typenames
 *(.debug_typenames)

.debug_varnames
 *(.debug_varnames)

.debug_pubtypes
 *(.debug_pubtypes)

.debug_ranges   0x00000000      0x830
 *(.debug_ranges)
 .debug_ranges  0x00000000      0x148 CG3002RTOS.o
 .debug_ranges  0x00000148       0x28 heap_1.o
 .debug_ranges  0x00000170       0x60 L3G.o
 .debug_ranges  0x000001d0       0x30 list.o
 .debug_ranges  0x00000200       0xa0 LSM303.o
 .debug_ranges  0x000002a0       0x88 NewPing.o
 .debug_ranges  0x00000328       0x38 port.o
 .debug_ranges  0x00000360      0x138 tasks.o
 .debug_ranges  0x00000498       0x60 twi.o
 .debug_ranges  0x000004f8       0xc0 Wire.o
 .debug_ranges  0x000005b8       0xa8 ../../../Arduino/Arduino/Debug\libArduino.a(HardwareSerial.o)
 .debug_ranges  0x00000660      0x150 ../../../Arduino/Arduino/Debug\libArduino.a(Print.o)
 .debug_ranges  0x000007b0       0x38 ../../../Arduino/Arduino/Debug\libArduino.a(wiring.o)
 .debug_ranges  0x000007e8       0x20 ../../../Arduino/Arduino/Debug\libArduino.a(wiring_analog.o)
 .debug_ranges  0x00000808       0x28 ../../../Arduino/Arduino/Debug\libArduino.a(wiring_digital.o)

.debug_macro
 *(.debug_macro)
OUTPUT(CG3002RTOS.elf elf32-avr)
LOAD linker stubs
