Archive member included because of file (symbol)

c:/program files (x86)/atmel/atmel toolchain/avr8 gcc/native/3.4.1061/avr8-gnu-toolchain/bin/../lib/gcc/avr/4.8.1/../../../../avr/lib/avr6\libm.a(addsf3.o)
                              CG3002RTOS.o (__subsf3)
c:/program files (x86)/atmel/atmel toolchain/avr8 gcc/native/3.4.1061/avr8-gnu-toolchain/bin/../lib/gcc/avr/4.8.1/../../../../avr/lib/avr6\libm.a(addsf3x.o)
                              c:/program files (x86)/atmel/atmel toolchain/avr8 gcc/native/3.4.1061/avr8-gnu-toolchain/bin/../lib/gcc/avr/4.8.1/../../../../avr/lib/avr6\libm.a(addsf3.o) (__addsf3x)
c:/program files (x86)/atmel/atmel toolchain/avr8 gcc/native/3.4.1061/avr8-gnu-toolchain/bin/../lib/gcc/avr/4.8.1/../../../../avr/lib/avr6\libm.a(asin.o)
                              CG3002RTOS.o (asin)
c:/program files (x86)/atmel/atmel toolchain/avr8 gcc/native/3.4.1061/avr8-gnu-toolchain/bin/../lib/gcc/avr/4.8.1/../../../../avr/lib/avr6\libm.a(atan2.o)
                              CG3002RTOS.o (atan2)
c:/program files (x86)/atmel/atmel toolchain/avr8 gcc/native/3.4.1061/avr8-gnu-toolchain/bin/../lib/gcc/avr/4.8.1/../../../../avr/lib/avr6\libm.a(atan.o)
                              c:/program files (x86)/atmel/atmel toolchain/avr8 gcc/native/3.4.1061/avr8-gnu-toolchain/bin/../lib/gcc/avr/4.8.1/../../../../avr/lib/avr6\libm.a(atan2.o) (atan)
c:/program files (x86)/atmel/atmel toolchain/avr8 gcc/native/3.4.1061/avr8-gnu-toolchain/bin/../lib/gcc/avr/4.8.1/../../../../avr/lib/avr6\libm.a(cmpsf2.o)
                              CG3002RTOS.o (__ltsf2)
c:/program files (x86)/atmel/atmel toolchain/avr8 gcc/native/3.4.1061/avr8-gnu-toolchain/bin/../lib/gcc/avr/4.8.1/../../../../avr/lib/avr6\libm.a(cos.o)
                              CG3002RTOS.o (cos)
c:/program files (x86)/atmel/atmel toolchain/avr8 gcc/native/3.4.1061/avr8-gnu-toolchain/bin/../lib/gcc/avr/4.8.1/../../../../avr/lib/avr6\libm.a(divsf3.o)
                              CG3002RTOS.o (__divsf3)
c:/program files (x86)/atmel/atmel toolchain/avr8 gcc/native/3.4.1061/avr8-gnu-toolchain/bin/../lib/gcc/avr/4.8.1/../../../../avr/lib/avr6\libm.a(divsf3x.o)
                              c:/program files (x86)/atmel/atmel toolchain/avr8 gcc/native/3.4.1061/avr8-gnu-toolchain/bin/../lib/gcc/avr/4.8.1/../../../../avr/lib/avr6\libm.a(divsf3.o) (__divsf3x)
c:/program files (x86)/atmel/atmel toolchain/avr8 gcc/native/3.4.1061/avr8-gnu-toolchain/bin/../lib/gcc/avr/4.8.1/../../../../avr/lib/avr6\libm.a(fixsfsi.o)
                              CG3002RTOS.o (__fixsfsi)
c:/program files (x86)/atmel/atmel toolchain/avr8 gcc/native/3.4.1061/avr8-gnu-toolchain/bin/../lib/gcc/avr/4.8.1/../../../../avr/lib/avr6\libm.a(fixunssfsi.o)
                              CG3002RTOS.o (__fixunssfsi)
c:/program files (x86)/atmel/atmel toolchain/avr8 gcc/native/3.4.1061/avr8-gnu-toolchain/bin/../lib/gcc/avr/4.8.1/../../../../avr/lib/avr6\libm.a(floatsisf.o)
                              CG3002RTOS.o (__floatsisf)
c:/program files (x86)/atmel/atmel toolchain/avr8 gcc/native/3.4.1061/avr8-gnu-toolchain/bin/../lib/gcc/avr/4.8.1/../../../../avr/lib/avr6\libm.a(fp_arccos.o)
                              c:/program files (x86)/atmel/atmel toolchain/avr8 gcc/native/3.4.1061/avr8-gnu-toolchain/bin/../lib/gcc/avr/4.8.1/../../../../avr/lib/avr6\libm.a(asin.o) (__fp_arccos)
c:/program files (x86)/atmel/atmel toolchain/avr8 gcc/native/3.4.1061/avr8-gnu-toolchain/bin/../lib/gcc/avr/4.8.1/../../../../avr/lib/avr6\libm.a(fp_cmp.o)
                              c:/program files (x86)/atmel/atmel toolchain/avr8 gcc/native/3.4.1061/avr8-gnu-toolchain/bin/../lib/gcc/avr/4.8.1/../../../../avr/lib/avr6\libm.a(cmpsf2.o) (__fp_cmp)
c:/program files (x86)/atmel/atmel toolchain/avr8 gcc/native/3.4.1061/avr8-gnu-toolchain/bin/../lib/gcc/avr/4.8.1/../../../../avr/lib/avr6\libm.a(fp_inf.o)
                              c:/program files (x86)/atmel/atmel toolchain/avr8 gcc/native/3.4.1061/avr8-gnu-toolchain/bin/../lib/gcc/avr/4.8.1/../../../../avr/lib/avr6\libm.a(addsf3x.o) (__fp_inf)
c:/program files (x86)/atmel/atmel toolchain/avr8 gcc/native/3.4.1061/avr8-gnu-toolchain/bin/../lib/gcc/avr/4.8.1/../../../../avr/lib/avr6\libm.a(fp_nan.o)
                              c:/program files (x86)/atmel/atmel toolchain/avr8 gcc/native/3.4.1061/avr8-gnu-toolchain/bin/../lib/gcc/avr/4.8.1/../../../../avr/lib/avr6\libm.a(addsf3x.o) (__fp_nan)
c:/program files (x86)/atmel/atmel toolchain/avr8 gcc/native/3.4.1061/avr8-gnu-toolchain/bin/../lib/gcc/avr/4.8.1/../../../../avr/lib/avr6\libm.a(fp_powser.o)
                              c:/program files (x86)/atmel/atmel toolchain/avr8 gcc/native/3.4.1061/avr8-gnu-toolchain/bin/../lib/gcc/avr/4.8.1/../../../../avr/lib/avr6\libm.a(atan.o) (__fp_powser)
c:/program files (x86)/atmel/atmel toolchain/avr8 gcc/native/3.4.1061/avr8-gnu-toolchain/bin/../lib/gcc/avr/4.8.1/../../../../avr/lib/avr6\libm.a(fp_powsodd.o)
[...]
Memory Configuration

Name             Origin             Length             Attributes
text             0x00000000         0x00100000         xr
data             0x00800200         0x0000fe00         rw !x
eeprom           0x00810000         0x00010000         rw !x
fuse             0x00820000         0x00000400         rw !x
lock             0x00830000         0x00000400         rw !x
signature        0x00840000         0x00000400         rw !x
user_signatures  0x00850000         0x00000400         rw !x
*default*        0x00000000         0xffffffff

Linker script and memory map

Address of section .data set to 0x800200
LOAD c:/program files (x86)/atmel/atmel toolchain/avr8 gcc/native/3.4.1061/avr8-gnu-toolchain/bin/../lib/gcc/avr/4.8.1/../../../../avr/lib/avr6/crtm2560.o
LOAD CG3002RTOS.o
LOAD heap_1.o
LOAD L3G.o
LOAD list.o
LOAD LSM303.o
LOAD NewPing.o
LOAD port.o
LOAD queue.o
LOAD tasks.o
LOAD twi.o
LOAD Wire.o
START GROUP
LOAD c:/program files (x86)/atmel/atmel toolchain/avr8 gcc/native/3.4.1061/avr8-gnu-toolchain/bin/../lib/gcc/avr/4.8.1/../../../../avr/lib/avr6\libm.a
LOAD C:\Users\caiyunyang\Desktop\CG3002\Arduino\Arduino\Debug\libArduino.a
END GROUP
LOAD c:/program files (x86)/atmel/atmel toolchain/avr8 gcc/native/3.4.1061/avr8-gnu-toolchain/bin/../lib/gcc/avr/4.8.1/avr6\libgcc.a
LOAD c:/program files (x86)/atmel/atmel toolchain/avr8 gcc/native/3.4.1061/avr8-gnu-toolchain/bin/../lib/gcc/avr/4.8.1/../../../../avr/lib/avr6\libm.a
START GROUP
LOAD c:/program files (x86)/atmel/atmel toolchain/avr8 gcc/native/3.4.1061/avr8-gnu-toolchain/bin/../lib/gcc/avr/4.8.1/avr6\libgcc.a
LOAD c:/program files (x86)/atmel/atmel toolchain/avr8 gcc/native/3.4.1061/avr8-gnu-toolchain/bin/../lib/gcc/avr/4.8.1/../../../../avr/lib/avr6\libm.a
LOAD c:/program files (x86)/atmel/atmel toolchain/avr8 gcc/native/3.4.1061/avr8-gnu-toolchain/bin/../lib/gcc/avr/4.8.1/../../../../avr/lib/avr6\libc.a
END GROUP

.hash
 *(.hash)

.dynsym
 *(.dynsym)

.dynstr
 *(.dynstr)

.gnu.version
 *(.gnu.version)

.gnu.version_d
 *(.gnu.version_d)

.gnu.version_r
 *(.gnu.version_r)

.rel.init
 *(.rel.init)

.rela.init
 *(.rela.init)

.rel.text
 *(.rel.text)
 *(.rel.text.*)
 *(.rel.gnu.linkonce.t*)

.rela.text
 *(.rela.text)
 *(.rela.text.*)
 *(.rela.gnu.linkonce.t*)

.rel.fini
 *(.rel.fini)

.rela.fini
 *(.rela.fini)

.rel.rodata
 *(.rel.rodata)
 *(.rel.rodata.*)
 *(.rel.gnu.linkonce.r*)

.rela.rodata
 *(.rela.rodata)
 *(.rela.rodata.*)
 *(.rela.gnu.linkonce.r*)

.rel.data
 *(.rel.data)
 *(.rel.data.*)
 *(.rel.gnu.linkonce.d*)

.rela.data
 *(.rela.data)
 *(.rela.data.*)
 *(.rela.gnu.linkonce.d*)

.rel.ctors
 *(.rel.ctors)

.rela.ctors
 *(.rela.ctors)

.rel.dtors
 *(.rel.dtors)

.rela.dtors
 *(.rela.dtors)

.rel.got
 *(.rel.got)

.rela.got
 *(.rela.got)

.rel.bss
 *(.rel.bss)

.rela.bss
 *(.rela.bss)

.rel.plt
 *(.rel.plt)

.rela.plt
 *(.rela.plt)

.text           0x00000000     0x537a
 *(.vectors)
 .vectors       0x00000000       0xe4 c:/program files (x86)/atmel/atmel toolchain/avr8 gcc/native/3.4.1061/avr8-gnu-toolchain/bin/../lib/gcc/avr/4.8.1/../../../../avr/lib/avr6/crtm2560.o
                0x00000000                __vector_default
                0x00000000                __vectors
 *(.vectors)
 *(.progmem.gcc*)
 .progmem.gcc_fplib
                0x000000e4       0x14 c:/program files (x86)/atmel/atmel toolchain/avr8 gcc/native/3.4.1061/avr8-gnu-toolchain/bin/../lib/gcc/avr/4.8.1/../../../../avr/lib/avr6\libm.a(asin.o)
 .progmem.gcc_fplib
                0x000000f8       0x2d c:/program files (x86)/atmel/atmel toolchain/avr8 gcc/native/3.4.1061/avr8-gnu-toolchain/bin/../lib/gcc/avr/4.8.1/../../../../avr/lib/avr6\libm.a(atan.o)
 .progmem.gcc_fplib
                0x00000125       0x28 c:/program files (x86)/atmel/atmel toolchain/avr8 gcc/native/3.4.1061/avr8-gnu-toolchain/bin/../lib/gcc/avr/4.8.1/../../../../avr/lib/avr6\libm.a(fp_arccos.o)
 .progmem.gcc_fplib
                0x0000014d       0x1e c:/program files (x86)/atmel/atmel toolchain/avr8 gcc/native/3.4.1061/avr8-gnu-toolchain/bin/../lib/gcc/avr/4.8.1/../../../../avr/lib/avr6\libm.a(fp_sinus.o)
 .progmem.gcc_fplib
                0x0000016b       0x28 c:/program files (x86)/atmel/atmel toolchain/avr8 gcc/native/3.4.1061/avr8-gnu-toolchain/bin/../lib/gcc/avr/4.8.1/../../../../avr/lib/avr6\libm.a(exp.o)
 .progmem.gcc_fplib
                0x00000193       0x5a c:/program files (x86)/atmel/atmel toolchain/avr8 gcc/native/3.4.1061/avr8-gnu-toolchain/bin/../lib/gcc/avr/4.8.1/../../../../avr/lib/avr6\libm.a(log.o)
 *fill*         0x000001ed        0x1 
 .progmem.gcc_sw_table.turnOffPWM
                0x000001ee       0x22 C:\Users\caiyunyang\Desktop\CG3002\Arduino\Arduino\Debug\libArduino.a(wiring_digital.o)
                0x00000210                . = ALIGN (0x2)
                0x00000210                __trampolines_start = .
 *(.trampolines)
 .trampolines   0x00000210        0x0 linker stubs
 *(.trampolines*)
                0x00000210                __trampolines_end = .
 *(.progmem*)
 .progmem.data.digital_pin_to_timer_PGM
                0x00000210       0x46 C:\Users\caiyunyang\Desktop\CG3002\Arduino\Arduino\Debug\libArduino.a(wiring_digital.o)
                0x00000210                digital_pin_to_timer_PGM
 .progmem.data.digital_pin_to_bit_mask_PGM
                0x00000256       0x46 C:\Users\caiyunyang\Desktop\CG3002\Arduino\Arduino\Debug\libArduino.a(wiring_digital.o)
                0x00000256                digital_pin_to_bit_mask_PGM
 .progmem.data.digital_pin_to_port_PGM
                0x0000029c       0x46 C:\Users\caiyunyang\Desktop\CG3002\Arduino\Arduino\Debug\libArduino.a(wiring_digital.o)
                0x0000029c                digital_pin_to_port_PGM
 .progmem.data.port_to_input_PGM
                0x000002e2       0x1a C:\Users\caiyunyang\Desktop\CG3002\Arduino\Arduino\Debug\libArduino.a(wiring_digital.o)
                0x000002e2                port_to_input_PGM
 .progmem.data.port_to_output_PGM
                0x000002fc       0x1a C:\Users\caiyunyang\Desktop\CG3002\Arduino\Arduino\Debug\libArduino.a(wiring_digital.o)
                0x000002fc                port_to_output_PGM
 .progmem.data.port_to_mode_PGM
                0x00000316       0x1a C:\Users\caiyunyang\Desktop\CG3002\Arduino\Arduino\Debug\libArduino.a(wiring_digital.o)
                0x00000316                port_to_mode_PGM
                0x00000330                . = ALIGN (0x2)
 *(.jumptables)
 *(.jumptables*)
 *(.lowtext)
 *(.lowtext*)
                0x00000330                __ctors_start = .
 *(.ctors)
 .ctors         0x00000330        0x2 CG3002RTOS.o
 .ctors         0x00000332        0x2 Wire.o
 .ctors         0x00000334        0x2 C:\Users\caiyunyang\Desktop\CG3002\Arduino\Arduino\Debug\libArduino.a(HardwareSerial.o)
                0x00000336                __ctors_end = .
                0x00000336                __dtors_start = .
 *(.dtors)
                0x00000336                __dtors_end = .
 SORT(*)(.ctors)
 SORT(*)(.dtors)
 *(.init0)
 .init0         0x00000336        0x0 c:/program files (x86)/atmel/atmel toolchain/avr8 gcc/native/3.4.1061/avr8-gnu-toolchain/bin/../lib/gcc/avr/4.8.1/../../../../avr/lib/avr6/crtm2560.o
                0x00000336                __init
 *(.init0)
 *(.init1)
 *(.init1)
 *(.init2)
 .init2         0x00000336       0x10 c:/program files (x86)/atmel/atmel toolchain/avr8 gcc/native/3.4.1061/avr8-gnu-toolchain/bin/../lib/gcc/avr/4.8.1/../../../../avr/lib/avr6/crtm2560.o
 *(.init2)
 *(.init3)
 *(.init3)
 *(.init4)
 .init4         0x00000346       0x1a c:/program files (x86)/atmel/atmel toolchain/avr8 gcc/native/3.4.1061/avr8-gnu-toolchain/bin/../lib/gcc/avr/4.8.1/avr6\libgcc.a(_copy_data.o)
                0x00000346                __do_copy_data
 .init4         0x00000360       0x10 c:/program files (x86)/atmel/atmel toolchain/avr8 gcc/native/3.4.1061/avr8-gnu-toolchain/bin/../lib/gcc/avr/4.8.1/avr6\libgcc.a(_clear_bss.o)
                0x00000360                __do_clear_bss
 *(.init4)
 *(.init5)
 *(.init5)
 *(.init6)
 .init6         0x00000370       0x20 c:/program files (x86)/atmel/atmel toolchain/avr8 gcc/native/3.4.1061/avr8-gnu-toolchain/bin/../lib/gcc/avr/4.8.1/avr6\libgcc.a(_ctors.o)
                0x00000370                __do_global_ctors
 *(.init6)
 *(.init7)
 *(.init7)
 *(.init8)
 *(.init8)
 *(.init9)
 .init9         0x00000390        0x8 c:/program files (x86)/atmel/atmel toolchain/avr8 gcc/native/3.4.1061/avr8-gnu-toolchain/bin/../lib/gcc/avr/4.8.1/../../../../avr/lib/avr6/crtm2560.o
 *(.init9)
 *(.text)
 .text          0x00000398        0x2 c:/program files (x86)/atmel/atmel toolchain/avr8 gcc/native/3.4.1061/avr8-gnu-toolchain/bin/../lib/gcc/avr/4.8.1/../../../../avr/lib/avr6/crtm2560.o
                0x00000398                __vector_38
                0x00000398                __vector_22
                0x00000398                __vector_28
                0x00000398                __vector_1
                0x00000398                __vector_32
                0x00000398                __vector_34
                0x00000398                __vector_24
                0x00000398                __vector_12
                0x00000398                __vector_46
                0x00000398                __bad_interrupt
                0x00000398                __vector_6
                0x00000398                __vector_31
                0x00000398                __vector_35
                0x00000398                __vector_3
                0x00000398                __vector_30
                0x00000398                __vector_45
                0x00000398                __vector_11
                0x00000398                __vector_54
                0x00000398                __vector_17
                0x00000398                __vector_19
                0x00000398                __vector_56
                0x00000398                __vector_7
                0x00000398                __vector_49
                0x00000398                __vector_41
                0x00000398                __vector_43
                0x00000398                __vector_27
                0x00000398                __vector_5
                0x00000398                __vector_33
                0x00000398                __vector_47
                0x00000398                __vector_4
                0x00000398                __vector_44
                0x00000398                __vector_51
                0x00000398                __vector_9
                0x00000398                __vector_2
                0x00000398                __vector_15
                0x00000398                __vector_29
                0x00000398                __vector_40
                0x00000398                __vector_8
                0x00000398                __vector_48
                0x00000398                __vector_14
                0x00000398                __vector_53
                0x00000398                __vector_10
                0x00000398                __vector_50
                0x00000398                __vector_16
                0x00000398                __vector_18
                0x00000398                __vector_20
                0x00000398                __vector_42
                0x0000039a                . = ALIGN (0x2)
 *(.text.*)
 .text._Z15Matrix_MultiplyPA3_fS0_S0_
                0x0000039a      0x126 CG3002RTOS.o
                0x0000039a                _Z15Matrix_MultiplyPA3_fS0_S0_
 .text._Z18Vector_Dot_ProductPfS_
                0x000004c0       0x6a CG3002RTOS.o
                0x000004c0                _Z18Vector_Dot_ProductPfS_
 .text._Z20Vector_Cross_ProductPfS_S_
                0x0000052a      0x102 CG3002RTOS.o
                0x0000052a                _Z20Vector_Cross_ProductPfS_S_
 .text._Z12Vector_ScalePfS_f
                0x0000062c       0x5c CG3002RTOS.o
                0x0000062c                _Z12Vector_ScalePfS_f
 .text._Z10Vector_AddPfS_S_
                0x00000688       0x5e CG3002RTOS.o
                0x00000688                _Z10Vector_AddPfS_S_
 .text._Z8I2C_Initv
                0x000006e6        0x8 CG3002RTOS.o
                0x000006e6                _Z8I2C_Initv
 .text._Z9Gyro_Initv
                0x000006ee       0x2c CG3002RTOS.o
                0x000006ee                _Z9Gyro_Initv
 .text._Z9Read_Gyrov
                0x0000071a       0xb8 CG3002RTOS.o
                0x0000071a                _Z9Read_Gyrov
 .text._Z10Accel_Initv
                0x000007d2       0x36 CG3002RTOS.o
                0x000007d2                _Z10Accel_Initv
 .text._Z10Read_Accelv
                0x00000808       0xd6 CG3002RTOS.o
                0x00000808                _Z10Read_Accelv
 .text._Z12Read_Compassv
                0x000008de       0x7c CG3002RTOS.o
                0x000008de                _Z12Read_Compassv
 .text._Z9Normalizev
                0x0000095a      0x13e CG3002RTOS.o
                0x0000095a                _Z9Normalizev
 .text._Z16Drift_correctionv
                0x00000a98      0x29c CG3002RTOS.o
                0x00000a98                _Z16Drift_correctionv
 .text._Z13Matrix_updatev
                0x00000d34      0x306 CG3002RTOS.o
                0x00000d34                _Z13Matrix_updatev
 .text._Z12Euler_anglesv
                0x0000103a       0x94 CG3002RTOS.o
                0x0000103a                _Z12Euler_anglesv
 .text._Z15Compass_Headingv
                0x000010ce      0x2e8 CG3002RTOS.o
                0x000010ce                _Z15Compass_Headingv
 .text._Z12readIRSensorv
                0x000013b6       0x56 CG3002RTOS.o
                0x000013b6                _Z12readIRSensorv
 .text.startup._GLOBAL__sub_I_SENSOR_SIGN
                0x0000140c       0x5c CG3002RTOS.o
 .text._Z10debugPrintPKc
                0x00001468       0x12 CG3002RTOS.o
                0x00001468                _Z10debugPrintPKc
 .text._Z7dprintfPKcz
                0x0000147a       0x26 CG3002RTOS.o
                0x0000147a                _Z7dprintfPKcz
 .text._Z9printdatav
                0x000014a0       0xa0 CG3002RTOS.o
                0x000014a0                _Z9printdatav
 .text._Z5task2Pv
                0x00001540       0xf0 CG3002RTOS.o
                0x00001540                _Z5task2Pv
 .text.setup    0x00001630      0x10e CG3002RTOS.o
                0x00001630                setup
 .text.startup.main
                0x0000173e       0x64 CG3002RTOS.o
                0x0000173e                main
 .text.pvPortMalloc
                0x000017a2       0x64 heap_1.o
                0x000017a2                pvPortMalloc
 .text.vPortFree
                0x00001806        0x2 heap_1.o
                0x00001806                vPortFree
 .text._ZN3L3GC2Ev
                0x00001808        0xe L3G.o
                0x00001808                _ZN3L3GC1Ev
                0x00001808                _ZN3L3GC2Ev
 .text._ZN3L3G8writeRegEhh
                0x00001816       0x52 L3G.o
                0x00001816                _ZN3L3G8writeRegEhh
 .text._ZN3L3G13enableDefaultEv
                0x00001868       0x28 L3G.o
                0x00001868                _ZN3L3G13enableDefaultEv
 .text._ZN3L3G4readEv
                0x00001890       0xee L3G.o
                0x00001890                _ZN3L3G4readEv
 .text._ZN3L3G7testRegEhNS_7regAddrE
                0x0000197e       0x66 L3G.o
                0x0000197e                _ZN3L3G7testRegEhNS_7regAddrE
 .text._ZN3L3G4initENS_10deviceTypeENS_8sa0StateE
                0x000019e4       0xd2 L3G.o
                0x000019e4                _ZN3L3G4initENS_10deviceTypeENS_8sa0StateE
 .text.vListInitialise
                0x00001ab6       0x1c list.o
                0x00001ab6                vListInitialise
 .text.vListInitialiseItem
                0x00001ad2        0x8 list.o
                0x00001ad2                vListInitialiseItem
 .text.vListInsertEnd
                0x00001ada       0x42 list.o
                0x00001ada                vListInsertEnd
 .text.vListInsert
                0x00001b1c       0x70 list.o
                0x00001b1c                vListInsert
 .text.uxListRemove
                0x00001b8c       0x46 list.o
                0x00001b8c                uxListRemove
 .text._ZN7TwoWire5writeEi
                0x00001bd2        0xe LSM303.o
                0x00001bd2                _ZN7TwoWire5writeEi
 .text._ZN6LSM303C2Ev
                0x00001be0       0x3a LSM303.o
                0x00001be0                _ZN6LSM303C1Ev
                0x00001be0                _ZN6LSM303C2Ev
 .text._ZN6LSM30316vector_normalizeEPNS_6vectorIfEE
                0x00001c1a      0x11a LSM303.o
                0x00001c1a                _ZN6LSM30316vector_normalizeEPNS_6vectorIfEE
 .text._ZN6LSM3037headingIiEEfNS_6vectorIT_EE
                0x00001d34      0x4da LSM303.o
                0x00001d34                _ZN6LSM3037headingIiEEfNS_6vectorIT_EE
 .text._ZN6LSM3037headingEv
                0x0000220e       0x66 LSM303.o
                0x0000220e                _ZN6LSM3037headingEv
 .text._ZN6LSM30311writeAccRegEhh
                0x00002274       0x52 LSM303.o
                0x00002274                _ZN6LSM30311writeAccRegEhh
 .text._ZN6LSM30311writeMagRegEhh
                0x000022c6       0x52 LSM303.o
                0x000022c6                _ZN6LSM30311writeMagRegEhh
 .text._ZN6LSM3038writeRegEhh
                0x00002318       0x10 LSM303.o
                0x00002318                _ZN6LSM3038writeRegEhh
 .text._ZN6LSM30313enableDefaultEv
                0x00002328       0x74 LSM303.o
                0x00002328                _ZN6LSM30313enableDefaultEv
 .text._ZN6LSM3037readAccEv
                0x0000239c       0xe4 LSM303.o
                0x0000239c                _ZN6LSM3037readAccEv
 .text._ZN6LSM3037readMagEv
                0x00002480      0x164 LSM303.o
                0x00002480                _ZN6LSM3037readMagEv
 .text._ZN6LSM3037testRegEhNS_7regAddrE
                0x000025e4       0x62 LSM303.o
                0x000025e4                _ZN6LSM3037testRegEhNS_7regAddrE
 .text._ZN6LSM3034initENS_10deviceTypeENS_8sa0StateE
                0x00002646      0x168 LSM303.o
                0x00002646                _ZN6LSM3034initENS_10deviceTypeENS_8sa0StateE
 .text._ZN7NewPingC2Ehhj
                0x000027ae       0xae NewPing.o
                0x000027ae                _ZN7NewPingC1Ehhj
                0x000027ae                _ZN7NewPingC2Ehhj
 .text.__vector_21
                0x0000285c       0x56 NewPing.o
                0x0000285c                __vector_21
 .text.pxPortInitialiseStack
                0x000028b2       0xe4 port.o
                0x000028b2                pxPortInitialiseStack
 .text.xPortStartScheduler
                0x00002996       0x7c port.o
                0x00002996                xPortStartScheduler
 .text.vPortYield
                0x00002a12       0xc0 port.o
                0x00002a12                vPortYield
 .text.vPortYieldFromTick
                0x00002ad2       0xc4 port.o
                0x00002ad2                vPortYieldFromTick
 .text.__vector_13
                0x00002b96        0x4 port.o
                0x00002b96                __vector_13
 .text.prvResetNextTaskUnblockTime
                0x00002b9a       0x36 tasks.o
 .text.prvAddCurrentTaskToDelayedList
                0x00002bd0       0x68 tasks.o
 .text.xTaskGenericCreate
                0x00002c38      0x1e8 tasks.o
                0x00002c38                xTaskGenericCreate
 .text.vTaskStartScheduler
                0x00002e20       0x60 tasks.o
                0x00002e20                vTaskStartScheduler
 .text.vTaskSuspendAll
                0x00002e80        0xc tasks.o
                0x00002e80                vTaskSuspendAll
 .text.xTaskIncrementTick
                0x00002e8c      0x15e tasks.o
                0x00002e8c                xTaskIncrementTick
 .text.xTaskResumeAll
                0x00002fea       0xdc tasks.o
                0x00002fea                xTaskResumeAll
 .text.vTaskDelay
                0x000030c6       0x42 tasks.o
                0x000030c6                vTaskDelay
 .text.prvIdleTask
                0x00003108       0x62 tasks.o
 .text.vTaskSwitchContext
                0x0000316a       0x80 tasks.o
                0x0000316a                vTaskSwitchContext
 .text.twi_init
                0x000031ea       0x3c twi.o
                0x000031ea                twi_init
 .text.twi_readFrom
                0x00003226       0x88 twi.o
                0x00003226                twi_readFrom
 .text.twi_writeTo
                0x000032ae       0xa6 twi.o
                0x000032ae                twi_writeTo
 .text.twi_transmit
                0x00003354       0x32 twi.o
                0x00003354                twi_transmit
 .text.twi_stop
                0x00003386       0x14 twi.o
                0x00003386                twi_stop
 .text.twi_releaseBus
                0x0000339a        0xc twi.o
                0x0000339a                twi_releaseBus
 .text.__vector_39
                0x000033a6      0x25c twi.o
                0x000033a6                __vector_39
 .text._ZN7TwoWire9availableEv
                0x00003602       0x10 Wire.o
                0x00003602                _ZN7TwoWire9availableEv
 .text._ZN7TwoWire4readEv
                0x00003612       0x26 Wire.o
                0x00003612                _ZN7TwoWire4readEv
 .text._ZN7TwoWire4peekEv
                0x00003638       0x1e Wire.o
                0x00003638                _ZN7TwoWire4peekEv
 .text._ZN7TwoWire5flushEv
                0x00003656        0x2 Wire.o
                0x00003656                _ZN7TwoWire5flushEv
 .text._ZN7TwoWire5writeEPKhj
                0x00003658       0x58 Wire.o
                0x00003658                _ZN7TwoWire5writeEPKhj
 .text._ZN7TwoWire5writeEh
                0x000036b0       0x5c Wire.o
                0x000036b0                _ZN7TwoWire5writeEh
 .text._ZN7TwoWireC2Ev
                0x0000370c       0x20 Wire.o
                0x0000370c                _ZN7TwoWireC1Ev
                0x0000370c                _ZN7TwoWireC2Ev
 .text._ZN7TwoWire5beginEv
                0x0000372c       0x12 Wire.o
                0x0000372c                _ZN7TwoWire5beginEv
 .text._ZN7TwoWire11requestFromEhhh
                0x0000373e       0x18 Wire.o
                0x0000373e                _ZN7TwoWire11requestFromEhhh
 .text._ZN7TwoWire11requestFromEhh
                0x00003756        0x4 Wire.o
                0x00003756                _ZN7TwoWire11requestFromEhh
 .text._ZN7TwoWire17beginTransmissionEh
                0x0000375a       0x14 Wire.o
                0x0000375a                _ZN7TwoWire17beginTransmissionEh
 .text._ZN7TwoWire15endTransmissionEh
                0x0000376e       0x24 Wire.o
                0x0000376e                _ZN7TwoWire15endTransmissionEh
 .text._ZN7TwoWire15endTransmissionEv
                0x00003792        0x4 Wire.o
                0x00003792                _ZN7TwoWire15endTransmissionEv
 .text.startup._GLOBAL__sub_I__ZN7TwoWire8rxBufferE
                0x00003796        0x6 Wire.o
 .text.avr-libc.fplib
                0x0000379c        0xa c:/program files (x86)/atmel/atmel toolchain/avr8 gcc/native/3.4.1061/avr8-gnu-toolchain/bin/../lib/gcc/avr/4.8.1/../../../../avr/lib/avr6\libm.a(addsf3.o)
                0x0000379c                __subsf3
                0x0000379e                __addsf3
 .text.avr-libc.fplib
                0x000037a6       0xc0 c:/program files (x86)/atmel/atmel toolchain/avr8 gcc/native/3.4.1061/avr8-gnu-toolchain/bin/../lib/gcc/avr/4.8.1/../../../../avr/lib/avr6\libm.a(addsf3x.o)
                0x000037c0                __addsf3x
 .text.avr-libc.fplib
                0x00003866       0x2e c:/program files (x86)/atmel/atmel toolchain/avr8 gcc/native/3.4.1061/avr8-gnu-toolchain/bin/../lib/gcc/avr/4.8.1/../../../../avr/lib/avr6\libm.a(asin.o)
                0x00003866                asin
 .text.avr-libc.fplib
                0x00003894       0x74 c:/program files (x86)/atmel/atmel toolchain/avr8 gcc/native/3.4.1061/avr8-gnu-toolchain/bin/../lib/gcc/avr/4.8.1/../../../../avr/lib/avr6\libm.a(atan2.o)
                0x000038b2                atan2
 .text.avr-libc.fplib
                0x00003908       0x50 c:/program files (x86)/atmel/atmel toolchain/avr8 gcc/native/3.4.1061/avr8-gnu-toolchain/bin/../lib/gcc/avr/4.8.1/../../../../avr/lib/avr6\libm.a(atan.o)
                0x00003908                atan
 .text.avr-libc.fplib
                0x00003958        0x8 c:/program files (x86)/atmel/atmel toolchain/avr8 gcc/native/3.4.1061/avr8-gnu-toolchain/bin/../lib/gcc/avr/4.8.1/../../../../avr/lib/avr6\libm.a(cmpsf2.o)
                0x00003958                __nesf2
                0x00003958                __eqsf2
                0x00003958                __cmpsf2
                0x00003958                __ltsf2
                0x00003958                __lesf2
 .text.avr-libc.fplib
                0x00003960        0x6 c:/program files (x86)/atmel/atmel toolchain/avr8 gcc/native/3.4.1061/avr8-gnu-toolchain/bin/../lib/gcc/avr/4.8.1/../../../../avr/lib/avr6\libm.a(cos.o)
                0x00003960                cos
 .text.avr-libc.fplib
                0x00003966        0x4 c:/program files (x86)/atmel/atmel toolchain/avr8 gcc/native/3.4.1061/avr8-gnu-toolchain/bin/../lib/gcc/avr/4.8.1/../../../../avr/lib/avr6\libm.a(divsf3.o)
                0x00003966                __divsf3
 .text.avr-libc.fplib
                0x0000396a       0xcc c:/program files (x86)/atmel/atmel toolchain/avr8 gcc/native/3.4.1061/avr8-gnu-toolchain/bin/../lib/gcc/avr/4.8.1/../../../../avr/lib/avr6\libm.a(divsf3x.o)
                0x00003980                __divsf3x
                0x00003984                __divsf3_pse
 .text.avr-libc.fplib
                0x00003a36       0x58 c:/program files (x86)/atmel/atmel toolchain/avr8 gcc/native/3.4.1061/avr8-gnu-toolchain/bin/../lib/gcc/avr/4.8.1/../../../../avr/lib/avr6\libm.a(fixunssfsi.o)
                0x00003a36                __fixunssfsi
 .text.avr-libc.fplib
                0x00003a8e       0x7a c:/program files (x86)/atmel/atmel toolchain/avr8 gcc/native/3.4.1061/avr8-gnu-toolchain/bin/../lib/gcc/avr/4.8.1/../../../../avr/lib/avr6\libm.a(floatsisf.o)
                0x00003a8e                __floatunsisf
                0x00003a92                __floatsisf
 .text.avr-libc.fplib
                0x00003b08       0x36 c:/program files (x86)/atmel/atmel toolchain/avr8 gcc/native/3.4.1061/avr8-gnu-toolchain/bin/../lib/gcc/avr/4.8.1/../../../../avr/lib/avr6\libm.a(fp_arccos.o)
                0x00003b08                __fp_arccos
 .text.avr-libc.fplib
                0x00003b3e       0x48 c:/program files (x86)/atmel/atmel toolchain/avr8 gcc/native/3.4.1061/avr8-gnu-toolchain/bin/../lib/gcc/avr/4.8.1/../../../../avr/lib/avr6\libm.a(fp_cmp.o)
                0x00003b3e                __fp_cmp
 .text.avr-libc.fplib
                0x00003b86        0xc c:/program files (x86)/atmel/atmel toolchain/avr8 gcc/native/3.4.1061/avr8-gnu-toolchain/bin/../lib/gcc/avr/4.8.1/../../../../avr/lib/avr6\libm.a(fp_inf.o)
                0x00003b86                __fp_inf
 .text.avr-libc.fplib
                0x00003b92        0x6 c:/program files (x86)/atmel/atmel toolchain/avr8 gcc/native/3.4.1061/avr8-gnu-toolchain/bin/../lib/gcc/avr/4.8.1/../../../../avr/lib/avr6\libm.a(fp_nan.o)
                0x00003b92                __fp_nan
 .text.avr-libc.fplib
                0x00003b98       0x4a c:/program files (x86)/atmel/atmel toolchain/avr8 gcc/native/3.4.1061/avr8-gnu-toolchain/bin/../lib/gcc/avr/4.8.1/../../../../avr/lib/avr6\libm.a(fp_powser.o)
                0x00003b98                __fp_powser
 .text.avr-libc.fplib
                0x00003be2       0x22 c:/program files (x86)/atmel/atmel toolchain/avr8 gcc/native/3.4.1061/avr8-gnu-toolchain/bin/../lib/gcc/avr/4.8.1/../../../../avr/lib/avr6\libm.a(fp_powsodd.o)
                0x00003be2                __fp_powsodd
 .text.avr-libc.fplib
                0x00003c04        0xe c:/program files (x86)/atmel/atmel toolchain/avr8 gcc/native/3.4.1061/avr8-gnu-toolchain/bin/../lib/gcc/avr/4.8.1/../../../../avr/lib/avr6\libm.a(fp_pscA.o)
                0x00003c04                __fp_pscA
 .text.avr-libc.fplib
                0x00003c12        0xe c:/program files (x86)/atmel/atmel toolchain/avr8 gcc/native/3.4.1061/avr8-gnu-toolchain/bin/../lib/gcc/avr/4.8.1/../../../../avr/lib/avr6\libm.a(fp_pscB.o)
                0x00003c12                __fp_pscB
 .text.avr-libc.fplib
                0x00003c20       0x50 c:/program files (x86)/atmel/atmel toolchain/avr8 gcc/native/3.4.1061/avr8-gnu-toolchain/bin/../lib/gcc/avr/4.8.1/../../../../avr/lib/avr6\libm.a(fp_rempio2.o)
                0x00003c22                __fp_rempio2
 .text.avr-libc.fplib
                0x00003c70       0x22 c:/program files (x86)/atmel/atmel toolchain/avr8 gcc/native/3.4.1061/avr8-gnu-toolchain/bin/../lib/gcc/avr/4.8.1/../../../../avr/lib/avr6\libm.a(fp_round.o)
                0x00003c70                __fp_round
 .text.avr-libc.fplib
                0x00003c92       0x22 c:/program files (x86)/atmel/atmel toolchain/avr8 gcc/native/3.4.1061/avr8-gnu-toolchain/bin/../lib/gcc/avr/4.8.1/../../../../avr/lib/avr6\libm.a(fp_sinus.o)
                0x00003c92                __fp_sinus
 .text.avr-libc.fplib
                0x00003cb4       0x44 c:/program files (x86)/atmel/atmel toolchain/avr8 gcc/native/3.4.1061/avr8-gnu-toolchain/bin/../lib/gcc/avr/4.8.1/../../../../avr/lib/avr6\libm.a(fp_split3.o)
                0x00003cb4                __fp_split3
                0x00003cc4                __fp_splitA
 .text.avr-libc.fplib
                0x00003cf8        0xe c:/program files (x86)/atmel/atmel toolchain/avr8 gcc/native/3.4.1061/avr8-gnu-toolchain/bin/../lib/gcc/avr/4.8.1/../../../../avr/lib/avr6\libm.a(fp_zero.o)
                0x00003cf8                __fp_zero
                0x00003cfa                __fp_szero
 .text.avr-libc.fplib
                0x00003d06        0x8 c:/program files (x86)/atmel/atmel toolchain/avr8 gcc/native/3.4.1061/avr8-gnu-toolchain/bin/../lib/gcc/avr/4.8.1/../../../../avr/lib/avr6\libm.a(gesf2.o)
                0x00003d06                __gesf2
                0x00003d06                __gtsf2
 .text.avr-libc.fplib
                0x00003d0e        0xe c:/program files (x86)/atmel/atmel toolchain/avr8 gcc/native/3.4.1061/avr8-gnu-toolchain/bin/../lib/gcc/avr/4.8.1/../../../../avr/lib/avr6\libm.a(inverse.o)
                0x00003d0e                inverse
 .text.avr-libc.fplib
                0x00003d1c        0x4 c:/program files (x86)/atmel/atmel toolchain/avr8 gcc/native/3.4.1061/avr8-gnu-toolchain/bin/../lib/gcc/avr/4.8.1/../../../../avr/lib/avr6\libm.a(mulsf3.o)
                0x00003d1c                __mulsf3
 .text.avr-libc.fplib
                0x00003d20       0xc2 c:/program files (x86)/atmel/atmel toolchain/avr8 gcc/native/3.4.1061/avr8-gnu-toolchain/bin/../lib/gcc/avr/4.8.1/../../../../avr/lib/avr6\libm.a(mulsf3x.o)
                0x00003d34                __mulsf3x
                0x00003d38                __mulsf3_pse
 .text.avr-libc.fplib
                0x00003de2       0x98 c:/program files (x86)/atmel/atmel toolchain/avr8 gcc/native/3.4.1061/avr8-gnu-toolchain/bin/../lib/gcc/avr/4.8.1/../../../../avr/lib/avr6\libm.a(pow.o)
                0x00003de2                pow
 .text.avr-libc.fplib
                0x00003e7a        0xc c:/program files (x86)/atmel/atmel toolchain/avr8 gcc/native/3.4.1061/avr8-gnu-toolchain/bin/../lib/gcc/avr/4.8.1/../../../../avr/lib/avr6\libm.a(sin.o)
                0x00003e7a                sin
 .text.avr-libc.fplib
                0x00003e86       0x84 c:/program files (x86)/atmel/atmel toolchain/avr8 gcc/native/3.4.1061/avr8-gnu-toolchain/bin/../lib/gcc/avr/4.8.1/../../../../avr/lib/avr6\libm.a(sqrt.o)
                0x00003e8e                sqrt
 .text.avr-libc.fplib
                0x00003f0a        0x6 c:/program files (x86)/atmel/atmel toolchain/avr8 gcc/native/3.4.1061/avr8-gnu-toolchain/bin/../lib/gcc/avr/4.8.1/../../../../avr/lib/avr6\libm.a(square.o)
                0x00003f0a                square
 .text.avr-libc.fplib
                0x00003f10       0x62 c:/program files (x86)/atmel/atmel toolchain/avr8 gcc/native/3.4.1061/avr8-gnu-toolchain/bin/../lib/gcc/avr/4.8.1/../../../../avr/lib/avr6\libm.a(exp.o)
                0x00003f1a                exp
 .text.avr-libc.fplib
                0x00003f72       0x1c c:/program files (x86)/atmel/atmel toolchain/avr8 gcc/native/3.4.1061/avr8-gnu-toolchain/bin/../lib/gcc/avr/4.8.1/../../../../avr/lib/avr6\libm.a(fp_mpack.o)
                0x00003f72                __fp_mpack
                0x00003f76                __fp_mpack_finite
 .text.avr-libc.fplib
                0x00003f8e        0xe c:/program files (x86)/atmel/atmel toolchain/avr8 gcc/native/3.4.1061/avr8-gnu-toolchain/bin/../lib/gcc/avr/4.8.1/../../../../avr/lib/avr6\libm.a(fp_norm2.o)
                0x00003f8e                __fp_norm2
 .text.avr-libc.fplib
                0x00003f9c       0x6c c:/program files (x86)/atmel/atmel toolchain/avr8 gcc/native/3.4.1061/avr8-gnu-toolchain/bin/../lib/gcc/avr/4.8.1/../../../../avr/lib/avr6\libm.a(ldexp.o)
                0x00003fa0                ldexp
 .text.avr-libc.fplib
                0x00004008       0x8a c:/program files (x86)/atmel/atmel toolchain/avr8 gcc/native/3.4.1061/avr8-gnu-toolchain/bin/../lib/gcc/avr/4.8.1/../../../../avr/lib/avr6\libm.a(log.o)
                0x00004012                log
 .text.avr-libc.fplib
                0x00004092       0x66 c:/program files (x86)/atmel/atmel toolchain/avr8 gcc/native/3.4.1061/avr8-gnu-toolchain/bin/../lib/gcc/avr/4.8.1/../../../../avr/lib/avr6\libm.a(modf.o)
                0x00004092                modf
                0x00004092                modff
 .text._ZN14HardwareSerial9availableEv
                0x000040f8       0x30 C:\Users\caiyunyang\Desktop\CG3002\Arduino\Arduino\Debug\libArduino.a(HardwareSerial.o)
                0x000040f8                _ZN14HardwareSerial9availableEv
 .text._ZN14HardwareSerial4peekEv
                0x00004128       0x32 C:\Users\caiyunyang\Desktop\CG3002\Arduino\Arduino\Debug\libArduino.a(HardwareSerial.o)
                0x00004128                _ZN14HardwareSerial4peekEv
 .text._ZN14HardwareSerial4readEv
                0x0000415a       0x42 C:\Users\caiyunyang\Desktop\CG3002\Arduino\Arduino\Debug\libArduino.a(HardwareSerial.o)
                0x0000415a                _ZN14HardwareSerial4readEv
 .text._ZN14HardwareSerial5flushEv
                0x0000419c       0x16 C:\Users\caiyunyang\Desktop\CG3002\Arduino\Arduino\Debug\libArduino.a(HardwareSerial.o)
                0x0000419c                _ZN14HardwareSerial5flushEv
 .text._ZN14HardwareSerial5writeEh
                0x000041b2       0x8c C:\Users\caiyunyang\Desktop\CG3002\Arduino\Arduino\Debug\libArduino.a(HardwareSerial.o)
                0x000041b2                _ZN14HardwareSerial5writeEh
 .text.__vector_25
                0x0000423e       0x80 C:\Users\caiyunyang\Desktop\CG3002\Arduino\Arduino\Debug\libArduino.a(HardwareSerial.o)
                0x0000423e                __vector_25
 .text.__vector_36
                0x000042be       0x80 C:\Users\caiyunyang\Desktop\CG3002\Arduino\Arduino\Debug\libArduino.a(HardwareSerial.o)
                0x000042be                __vector_36
 .text.__vector_26
                0x0000433e       0x7e C:\Users\caiyunyang\Desktop\CG3002\Arduino\Arduino\Debug\libArduino.a(HardwareSerial.o)
                0x0000433e                __vector_26
 .text.__vector_37
                0x000043bc       0x7e C:\Users\caiyunyang\Desktop\CG3002\Arduino\Arduino\Debug\libArduino.a(HardwareSerial.o)
                0x000043bc                __vector_37
 .text.__vector_52
                0x0000443a       0x7e C:\Users\caiyunyang\Desktop\CG3002\Arduino\Arduino\Debug\libArduino.a(HardwareSerial.o)
                0x0000443a                __vector_52
 .text.__vector_55
                0x000044b8       0x7e C:\Users\caiyunyang\Desktop\CG3002\Arduino\Arduino\Debug\libArduino.a(HardwareSerial.o)
                0x000044b8                __vector_55
 .text._ZN14HardwareSerialC2EP11ring_bufferS1_PVhS3_S3_S3_S3_S3_hhhhh
                0x00004536       0x88 C:\Users\caiyunyang\Desktop\CG3002\Arduino\Arduino\Debug\libArduino.a(HardwareSerial.o)
                0x00004536                _ZN14HardwareSerialC2EP11ring_bufferS1_PVhS3_S3_S3_S3_S3_hhhhh
                0x00004536                _ZN14HardwareSerialC1EP11ring_bufferS1_PVhS3_S3_S3_S3_S3_hhhhh
 .text._ZN14HardwareSerial5beginEm
                0x000045be      0x106 C:\Users\caiyunyang\Desktop\CG3002\Arduino\Arduino\Debug\libArduino.a(HardwareSerial.o)
                0x000045be                _ZN14HardwareSerial5beginEm
 .text._GLOBAL__sub_I_rx_buffer
                0x000046c4      0x18e C:\Users\caiyunyang\Desktop\CG3002\Arduino\Arduino\Debug\libArduino.a(HardwareSerial.o)
 .text._ZN5Print5writeEPKhj
                0x00004852       0x5c C:\Users\caiyunyang\Desktop\CG3002\Arduino\Arduino\Debug\libArduino.a(Print.o)
                0x00004852                _ZN5Print5writeEPKhj
 .text._ZN5Print5printEPKc
                0x000048ae       0x2c C:\Users\caiyunyang\Desktop\CG3002\Arduino\Arduino\Debug\libArduino.a(Print.o)
                0x000048ae                _ZN5Print5printEPKc
 .text._ZN5Print5printEc
                0x000048da       0x10 C:\Users\caiyunyang\Desktop\CG3002\Arduino\Arduino\Debug\libArduino.a(Print.o)
                0x000048da                _ZN5Print5printEc
 .text._ZN5Print7printlnEv
                0x000048ea       0x24 C:\Users\caiyunyang\Desktop\CG3002\Arduino\Arduino\Debug\libArduino.a(Print.o)
                0x000048ea                _ZN5Print7printlnEv
 .text._ZN5Print7printlnEPKc
                0x0000490e       0x20 C:\Users\caiyunyang\Desktop\CG3002\Arduino\Arduino\Debug\libArduino.a(Print.o)
                0x0000490e                _ZN5Print7printlnEPKc
 .text.__vector_23
                0x0000492e       0x94 C:\Users\caiyunyang\Desktop\CG3002\Arduino\Arduino\Debug\libArduino.a(wiring.o)
                0x0000492e                __vector_23
 .text.millis   0x000049c2       0x18 C:\Users\caiyunyang\Desktop\CG3002\Arduino\Arduino\Debug\libArduino.a(wiring.o)
                0x000049c2                millis
 .text.micros   0x000049da       0x4c C:\Users\caiyunyang\Desktop\CG3002\Arduino\Arduino\Debug\libArduino.a(wiring.o)
                0x000049da                micros
 .text.delay    0x00004a26       0x50 C:\Users\caiyunyang\Desktop\CG3002\Arduino\Arduino\Debug\libArduino.a(wiring.o)
                0x00004a26                delay
 .text.init     0x00004a76       0xc4 C:\Users\caiyunyang\Desktop\CG3002\Arduino\Arduino\Debug\libArduino.a(wiring.o)
                0x00004a76                init
 .text.analogRead
                0x00004b3a       0x48 C:\Users\caiyunyang\Desktop\CG3002\Arduino\Arduino\Debug\libArduino.a(wiring_analog.o)
                0x00004b3a                analogRead
 .text.turnOffPWM
                0x00004b82       0xc0 C:\Users\caiyunyang\Desktop\CG3002\Arduino\Arduino\Debug\libArduino.a(wiring_digital.o)
 .text.pinMode  0x00004c42       0x7c C:\Users\caiyunyang\Desktop\CG3002\Arduino\Arduino\Debug\libArduino.a(wiring_digital.o)
                0x00004c42                pinMode
 .text.digitalWrite
                0x00004cbe       0x60 C:\Users\caiyunyang\Desktop\CG3002\Arduino\Arduino\Debug\libArduino.a(wiring_digital.o)
                0x00004cbe                digitalWrite
 .text.libgcc.mul
                0x00004d1e       0x1e c:/program files (x86)/atmel/atmel toolchain/avr8 gcc/native/3.4.1061/avr8-gnu-toolchain/bin/../lib/gcc/avr/4.8.1/avr6\libgcc.a(_mulsi3.o)
                0x00004d1e                __mulsi3
 .text.libgcc.div
                0x00004d3c       0x44 c:/program files (x86)/atmel/atmel toolchain/avr8 gcc/native/3.4.1061/avr8-gnu-toolchain/bin/../lib/gcc/avr/4.8.1/avr6\libgcc.a(_udivmodsi4.o)
                0x00004d3c                __udivmodsi4
 .text.libgcc.div
                0x00004d80       0x28 c:/program files (x86)/atmel/atmel toolchain/avr8 gcc/native/3.4.1061/avr8-gnu-toolchain/bin/../lib/gcc/avr/4.8.1/avr6\libgcc.a(_divmodsi4.o)
                0x00004d80                __divmodsi4
 .text.libgcc.div
                0x00004da8       0x10 c:/program files (x86)/atmel/atmel toolchain/avr8 gcc/native/3.4.1061/avr8-gnu-toolchain/bin/../lib/gcc/avr/4.8.1/avr6\libgcc.a(_negsi2.o)
                0x00004da8                __negsi2
 .text.libgcc   0x00004db8        0xc c:/program files (x86)/atmel/atmel toolchain/avr8 gcc/native/3.4.1061/avr8-gnu-toolchain/bin/../lib/gcc/avr/4.8.1/avr6\libgcc.a(_tablejump.o)
                0x00004db8                __tablejump2__
                0x00004dbc                __tablejump__
 .text.libgcc.mul
                0x00004dc4       0x14 c:/program files (x86)/atmel/atmel toolchain/avr8 gcc/native/3.4.1061/avr8-gnu-toolchain/bin/../lib/gcc/avr/4.8.1/avr6\libgcc.a(_muluhisi3.o)
                0x00004dc4                __muluhisi3
 .text.libgcc   0x00004dd8        0x8 c:/program files (x86)/atmel/atmel toolchain/avr8 gcc/native/3.4.1061/avr8-gnu-toolchain/bin/../lib/gcc/avr/4.8.1/avr6\libgcc.a(_tablejump_elpm.o)
                0x00004dd8                __tablejump_elpm__
 .text.libgcc.mul
                0x00004de0       0x1e c:/program files (x86)/atmel/atmel toolchain/avr8 gcc/native/3.4.1061/avr8-gnu-toolchain/bin/../lib/gcc/avr/4.8.1/avr6\libgcc.a(_umulhisi3.o)
                0x00004de0                __umulhisi3
 .text.avr-libc
                0x00004dfe       0x50 c:/program files (x86)/atmel/atmel toolchain/avr8 gcc/native/3.4.1061/avr8-gnu-toolchain/bin/../lib/gcc/avr/4.8.1/../../../../avr/lib/avr6\libc.a(vsprintf.o)
                0x00004dfe                vsprintf
 .text.avr-libc
                0x00004e4e      0x3dc c:/program files (x86)/atmel/atmel toolchain/avr8 gcc/native/3.4.1061/avr8-gnu-toolchain/bin/../lib/gcc/avr/4.8.1/../../../../avr/lib/avr6\libc.a(vfprintf_std.o)
                0x00004e4e                vfprintf
 .text.avr-libc
                0x0000522a       0x16 c:/program files (x86)/atmel/atmel toolchain/avr8 gcc/native/3.4.1061/avr8-gnu-toolchain/bin/../lib/gcc/avr/4.8.1/../../../../avr/lib/avr6\libc.a(strnlen_P.o)
                0x0000522a                strnlen_P
 .text.avr-libc
                0x00005240       0x16 c:/program files (x86)/atmel/atmel toolchain/avr8 gcc/native/3.4.1061/avr8-gnu-toolchain/bin/../lib/gcc/avr/4.8.1/../../../../avr/lib/avr6\libc.a(strnlen.o)
                0x00005240                strnlen
 .text.avr-libc
                0x00005256       0x64 c:/program files (x86)/atmel/atmel toolchain/avr8 gcc/native/3.4.1061/avr8-gnu-toolchain/bin/../lib/gcc/avr/4.8.1/../../../../avr/lib/avr6\libc.a(fputc.o)
                0x00005256                fputc
 .text.avr-libc
                0x000052ba       0xbc c:/program files (x86)/atmel/atmel toolchain/avr8 gcc/native/3.4.1061/avr8-gnu-toolchain/bin/../lib/gcc/avr/4.8.1/../../../../avr/lib/avr6\libc.a(ultoa_invert.o)
                0x000052ba                __ultoa_invert
                0x00005376                . = ALIGN (0x2)
 *(.fini9)
 .fini9         0x00005376        0x0 c:/program files (x86)/atmel/atmel toolchain/avr8 gcc/native/3.4.1061/avr8-gnu-toolchain/bin/../lib/gcc/avr/4.8.1/avr6\libgcc.a(_exit.o)
                0x00005376                _exit
                0x00005376                exit
 *(.fini9)
 *(.fini8)
 *(.fini8)
 *(.fini7)
 *(.fini7)
 *(.fini6)
 *(.fini6)
 *(.fini5)
 *(.fini5)
 *(.fini4)
 *(.fini4)
 *(.fini3)
 *(.fini3)
 *(.fini2)
 *(.fini2)
 *(.fini1)
 *(.fini1)
 *(.fini0)
 .fini0         0x00005376        0x4 c:/program files (x86)/atmel/atmel toolchain/avr8 gcc/native/3.4.1061/avr8-gnu-toolchain/bin/../lib/gcc/avr/4.8.1/avr6\libgcc.a(_exit.o)
 *(.fini0)
                0x0000537a                _etext = .

.data           0x00800200       0xdc load address 0x0000537a
                0x00800200                PROVIDE (__data_start, .)
 *(.data)
 *(.data*)
 .data.Update_Matrix
                0x00800200       0x24 CG3002RTOS.o
                0x00800200                Update_Matrix
 .data.DCM_Matrix
                0x00800224       0x24 CG3002RTOS.o
                0x00800224                DCM_Matrix
 .data.G_Dt     0x00800248        0x4 CG3002RTOS.o
                0x00800248                G_Dt
 .data.SENSOR_SIGN
                0x0080024c       0x12 CG3002RTOS.o
                0x0080024c                SENSOR_SIGN
 .data.xNextTaskUnblockTime
                0x0080025e        0x2 tasks.o
 .data.analog_reference
                0x00800260        0x1 C:\Users\caiyunyang\Desktop\CG3002\Arduino\Arduino\Debug\libArduino.a(wiring_analog.o)
                0x00800260                analog_reference
 *(.rodata)
 .rodata        0x00800261        0xc LSM303.o
 *(.rodata*)
 .rodata.str1.1
                0x0080026d       0x49 CG3002RTOS.o
 .rodata.str1.1
                0x008002b6        0x5 tasks.o
 .rodata._ZTV7TwoWire
                0x008002bb       0x10 Wire.o
                0x008002bb                _ZTV7TwoWire
 .rodata._ZTV14HardwareSerial
                0x008002cb       0x10 C:\Users\caiyunyang\Desktop\CG3002\Arduino\Arduino\Debug\libArduino.a(HardwareSerial.o)
                0x008002cb                _ZTV14HardwareSerial
 *(.gnu.linkonce.d*)
                0x008002dc                . = ALIGN (0x2)
 *fill*         0x008002db        0x1 
                0x008002dc                _edata = .
                0x008002dc                PROVIDE (__data_end, .)

.bss            0x008002dc      0xf2a
                0x008002dc                PROVIDE (__bss_start, .)
 *(.bss)
 *(.bss*)
 .bss._ZZ16Drift_correctionvE14Scaled_Omega_P
                0x008002dc        0xc CG3002RTOS.o
 .bss._ZZ16Drift_correctionvE14Scaled_Omega_I
                0x008002e8        0xc CG3002RTOS.o
 .bss.debugBuffer
                0x008002f4      0x400 CG3002RTOS.o
                0x008002f4                debugBuffer
 .bss.compass   0x008006f4       0x26 CG3002RTOS.o
                0x008006f4                compass
 .bss.gyro      0x0080071a        0xc CG3002RTOS.o
                0x0080071a                gyro
 .bss.Temporary_Matrix
                0x00800726       0x24 CG3002RTOS.o
                0x00800726                Temporary_Matrix
 .bss.counter   0x0080074a        0x2 CG3002RTOS.o
                0x0080074a                counter
 .bss.errorYaw  0x0080074c        0xc CG3002RTOS.o
                0x0080074c                errorYaw
 .bss.errorRollPitch
                0x00800758        0xc CG3002RTOS.o
                0x00800758                errorRollPitch
 .bss.yaw       0x00800764        0x4 CG3002RTOS.o
                0x00800764                yaw
 .bss.pitch     0x00800768        0x4 CG3002RTOS.o
                0x00800768                pitch
 .bss.roll      0x0080076c        0x4 CG3002RTOS.o
                0x0080076c                roll
 .bss.Omega     0x00800770        0xc CG3002RTOS.o
                0x00800770                Omega
 .bss.Omega_I   0x0080077c        0xc CG3002RTOS.o
                0x0080077c                Omega_I
 .bss.Omega_P   0x00800788        0xc CG3002RTOS.o
                0x00800788                Omega_P
 .bss.Omega_Vector
                0x00800794        0xc CG3002RTOS.o
                0x00800794                Omega_Vector
 .bss.Gyro_Vector
                0x008007a0        0xc CG3002RTOS.o
                0x008007a0                Gyro_Vector
 .bss.Accel_Vector
                0x008007ac        0xc CG3002RTOS.o
                0x008007ac                Accel_Vector
 .bss.MAG_Heading
                0x008007b8        0x4 CG3002RTOS.o
                0x008007b8                MAG_Heading
 .bss.c_magnetom_z
                0x008007bc        0x4 CG3002RTOS.o
                0x008007bc                c_magnetom_z
 .bss.c_magnetom_y
                0x008007c0        0x4 CG3002RTOS.o
                0x008007c0                c_magnetom_y
 .bss.c_magnetom_x
                0x008007c4        0x4 CG3002RTOS.o
                0x008007c4                c_magnetom_x
 .bss.magnetom_z
                0x008007c8        0x2 CG3002RTOS.o
                0x008007c8                magnetom_z
 .bss.magnetom_y
                0x008007ca        0x2 CG3002RTOS.o
                0x008007ca                magnetom_y
 .bss.magnetom_x
                0x008007cc        0x2 CG3002RTOS.o
                0x008007cc                magnetom_x
 .bss.accel_z   0x008007ce        0x2 CG3002RTOS.o
                0x008007ce                accel_z
 .bss.accel_y   0x008007d0        0x2 CG3002RTOS.o
                0x008007d0                accel_y
 .bss.accel_x   0x008007d2        0x2 CG3002RTOS.o
                0x008007d2                accel_x
 .bss.gyro_z    0x008007d4        0x2 CG3002RTOS.o
                0x008007d4                gyro_z
 .bss.gyro_y    0x008007d6        0x2 CG3002RTOS.o
                0x008007d6                gyro_y
 .bss.gyro_x    0x008007d8        0x2 CG3002RTOS.o
                0x008007d8                gyro_x
 .bss.AN_OFFSET
                0x008007da        0xc CG3002RTOS.o
                0x008007da                AN_OFFSET
 .bss.AN        0x008007e6        0xc CG3002RTOS.o
                0x008007e6                AN
 .bss.timer_old
                0x008007f2        0x4 CG3002RTOS.o
                0x008007f2                timer_old
 .bss.timer     0x008007f6        0x4 CG3002RTOS.o
                0x008007f6                timer
 .bss.ir_distance
                0x008007fa        0x2 CG3002RTOS.o
                0x008007fa                ir_distance
 .bss.ir_value  0x008007fc        0x4 CG3002RTOS.o
                0x008007fc                ir_value
 .bss.sonar     0x00800800       0x5a CG3002RTOS.o
                0x00800800                sonar
 .bss.pucAlignedHeap.1837
                0x0080085a        0x2 heap_1.o
 .bss.xNextFreeByte
                0x0080085c        0x2 heap_1.o
 .bss.ucHeap    0x0080085e      0x5dc heap_1.o
 .bss.intFunc   0x00800e3a        0x2 NewPing.o
                0x00800e3a                intFunc
 .bss.uxSchedulerSuspended
                0x00800e3c        0x1 tasks.o
 .bss.uxTaskNumber
                0x00800e3d        0x1 tasks.o
 .bss.xNumOfOverflows
                0x00800e3e        0x1 tasks.o
 .bss.xYieldPending
                0x00800e3f        0x1 tasks.o
 .bss.uxPendedTicks
                0x00800e40        0x1 tasks.o
 .bss.xSchedulerRunning
                0x00800e41        0x1 tasks.o
 .bss.uxTopReadyPriority
                0x00800e42        0x1 tasks.o
 .bss.xTickCount
                0x00800e43        0x2 tasks.o
 .bss.uxCurrentNumberOfTasks
                0x00800e45        0x1 tasks.o
 .bss.uxTasksDeleted
                0x00800e46        0x1 tasks.o
 .bss.xTasksWaitingTermination
                0x00800e47        0x9 tasks.o
 .bss.xPendingReadyList
                0x00800e50        0x9 tasks.o
 .bss.pxOverflowDelayedTaskList
                0x00800e59        0x2 tasks.o
 .bss.pxDelayedTaskList
                0x00800e5b        0x2 tasks.o
 .bss.xDelayedTaskList2
                0x00800e5d        0x9 tasks.o
 .bss.xDelayedTaskList1
                0x00800e66        0x9 tasks.o
 .bss.pxReadyTasksLists
                0x00800e6f       0x24 tasks.o
 .bss.pxCurrentTCB
                0x00800e93        0x2 tasks.o
                0x00800e93                pxCurrentTCB
 .bss.twi_error
                0x00800e95        0x1 twi.o
 .bss.twi_rxBufferIndex
                0x00800e96        0x1 twi.o
 .bss.twi_rxBuffer
                0x00800e97       0x20 twi.o
 .bss.twi_txBufferLength
                0x00800eb7        0x1 twi.o
 .bss.twi_txBufferIndex
                0x00800eb8        0x1 twi.o
 .bss.twi_txBuffer
                0x00800eb9       0x20 twi.o
 .bss.twi_masterBufferLength
                0x00800ed9        0x1 twi.o
 .bss.twi_masterBufferIndex
                0x00800eda        0x1 twi.o
 .bss.twi_masterBuffer
                0x00800edb       0x20 twi.o
 .bss.twi_onSlaveReceive
                0x00800efb        0x2 twi.o
 .bss.twi_onSlaveTransmit
                0x00800efd        0x2 twi.o
 .bss.twi_inRepStart
                0x00800eff        0x1 twi.o
 .bss.twi_sendStop
                0x00800f00        0x1 twi.o
 .bss.twi_slarw
                0x00800f01        0x1 twi.o
 .bss.twi_state
                0x00800f02        0x1 twi.o
 .bss.Wire      0x00800f03        0xc Wire.o
                0x00800f03                Wire
 .bss._ZN7TwoWire12transmittingE
                0x00800f0f        0x1 Wire.o
                0x00800f0f                _ZN7TwoWire12transmittingE
 .bss._ZN7TwoWire14txBufferLengthE
                0x00800f10        0x1 Wire.o
                0x00800f10                _ZN7TwoWire14txBufferLengthE
 .bss._ZN7TwoWire13txBufferIndexE
                0x00800f11        0x1 Wire.o
                0x00800f11                _ZN7TwoWire13txBufferIndexE
 .bss._ZN7TwoWire8txBufferE
                0x00800f12       0x20 Wire.o
                0x00800f12                _ZN7TwoWire8txBufferE
 .bss._ZN7TwoWire9txAddressE
                0x00800f32        0x1 Wire.o
                0x00800f32                _ZN7TwoWire9txAddressE
 .bss._ZN7TwoWire14rxBufferLengthE
                0x00800f33        0x1 Wire.o
                0x00800f33                _ZN7TwoWire14rxBufferLengthE
 .bss._ZN7TwoWire13rxBufferIndexE
                0x00800f34        0x1 Wire.o
                0x00800f34                _ZN7TwoWire13rxBufferIndexE
 .bss._ZN7TwoWire8rxBufferE
                0x00800f35       0x20 Wire.o
                0x00800f35                _ZN7TwoWire8rxBufferE
 .bss.Serial3   0x00800f55       0x22 C:\Users\caiyunyang\Desktop\CG3002\Arduino\Arduino\Debug\libArduino.a(HardwareSerial.o)
                0x00800f55                Serial3
 .bss.Serial2   0x00800f77       0x22 C:\Users\caiyunyang\Desktop\CG3002\Arduino\Arduino\Debug\libArduino.a(HardwareSerial.o)
                0x00800f77                Serial2
 .bss.Serial1   0x00800f99       0x22 C:\Users\caiyunyang\Desktop\CG3002\Arduino\Arduino\Debug\libArduino.a(HardwareSerial.o)
                0x00800f99                Serial1
 .bss.Serial    0x00800fbb       0x22 C:\Users\caiyunyang\Desktop\CG3002\Arduino\Arduino\Debug\libArduino.a(HardwareSerial.o)
                0x00800fbb                Serial
 .bss.tx_buffer3
                0x00800fdd       0x44 C:\Users\caiyunyang\Desktop\CG3002\Arduino\Arduino\Debug\libArduino.a(HardwareSerial.o)
                0x00800fdd                tx_buffer3
 .bss.rx_buffer3
                0x00801021       0x44 C:\Users\caiyunyang\Desktop\CG3002\Arduino\Arduino\Debug\libArduino.a(HardwareSerial.o)
                0x00801021                rx_buffer3
 .bss.tx_buffer2
                0x00801065       0x44 C:\Users\caiyunyang\Desktop\CG3002\Arduino\Arduino\Debug\libArduino.a(HardwareSerial.o)
                0x00801065                tx_buffer2
 .bss.rx_buffer2
                0x008010a9       0x44 C:\Users\caiyunyang\Desktop\CG3002\Arduino\Arduino\Debug\libArduino.a(HardwareSerial.o)
                0x008010a9                rx_buffer2
 .bss.tx_buffer1
                0x008010ed       0x44 C:\Users\caiyunyang\Desktop\CG3002\Arduino\Arduino\Debug\libArduino.a(HardwareSerial.o)
                0x008010ed                tx_buffer1
 .bss.rx_buffer1
                0x00801131       0x44 C:\Users\caiyunyang\Desktop\CG3002\Arduino\Arduino\Debug\libArduino.a(HardwareSerial.o)
                0x00801131                rx_buffer1
 .bss.tx_buffer
                0x00801175       0x44 C:\Users\caiyunyang\Desktop\CG3002\Arduino\Arduino\Debug\libArduino.a(HardwareSerial.o)
                0x00801175                tx_buffer
 .bss.rx_buffer
                0x008011b9       0x44 C:\Users\caiyunyang\Desktop\CG3002\Arduino\Arduino\Debug\libArduino.a(HardwareSerial.o)
                0x008011b9                rx_buffer
 .bss.timer0_fract
                0x008011fd        0x1 C:\Users\caiyunyang\Desktop\CG3002\Arduino\Arduino\Debug\libArduino.a(wiring.o)
 .bss.timer0_millis
                0x008011fe        0x4 C:\Users\caiyunyang\Desktop\CG3002\Arduino\Arduino\Debug\libArduino.a(wiring.o)
                0x008011fe                timer0_millis
 .bss.timer0_overflow_count
                0x00801202        0x4 C:\Users\caiyunyang\Desktop\CG3002\Arduino\Arduino\Debug\libArduino.a(wiring.o)
                0x00801202                timer0_overflow_count
 *(COMMON)
                0x00801206                PROVIDE (__bss_end, .)
                0x0000537a                __data_load_start = LOADADDR (.data)
                0x00005456                __data_load_end = (__data_load_start + SIZEOF (.data))

.noinit         0x00801206        0x0
                0x00801206                PROVIDE (__noinit_start, .)
 *(.noinit*)
                0x00801206                PROVIDE (__noinit_end, .)
                0x00801206                _end = .
                0x00801206                PROVIDE (__heap_start, .)

.eeprom         0x00810000        0x0
 *(.eeprom*)
                0x00810000                __eeprom_end = .

.fuse
 *(.fuse)
 *(.lfuse)
 *(.hfuse)
 *(.efuse)

.lock
 *(.lock*)

.signature
 *(.signature*)

.user_signatures
 *(.user_signatures*)

.stab
 *(.stab)

.stabstr
 *(.stabstr)

.stab.excl
 *(.stab.excl)

.stab.exclstr
 *(.stab.exclstr)

.stab.index
 *(.stab.index)

.stab.indexstr
 *(.stab.indexstr)

.comment        0x00000000       0x5c
 *(.comment)
 .comment       0x00000000       0x30 CG3002RTOS.o
                                 0x31 (size before relaxing)
 .comment       0x00000000       0x31 heap_1.o
 .comment       0x00000000       0x31 L3G.o
 .comment       0x00000000       0x31 list.o
 .comment       0x00000000       0x31 LSM303.o
 .comment       0x00000000       0x31 NewPing.o
 .comment       0x00000000       0x31 port.o
 .comment       0x00000000       0x31 tasks.o
 .comment       0x00000000       0x31 twi.o
 .comment       0x00000000       0x31 Wire.o
 .comment       0x00000000       0x31 C:\Users\caiyunyang\Desktop\CG3002\Arduino\Arduino\Debug\libArduino.a(HardwareSerial.o)
 .comment       0x00000000       0x31 C:\Users\caiyunyang\Desktop\CG3002\Arduino\Arduino\Debug\libArduino.a(Print.o)
 .comment       0x00000000       0x31 C:\Users\caiyunyang\Desktop\CG3002\Arduino\Arduino\Debug\libArduino.a(wiring.o)
 .comment       0x00000000       0x31 C:\Users\caiyunyang\Desktop\CG3002\Arduino\Arduino\Debug\libArduino.a(wiring_analog.o)
 .comment       0x00000000       0x31 C:\Users\caiyunyang\Desktop\CG3002\Arduino\Arduino\Debug\libArduino.a(wiring_digital.o)
 .comment       0x00000000       0x31 c:/program files (x86)/atmel/atmel toolchain/avr8 gcc/native/3.4.1061/avr8-gnu-toolchain/bin/../lib/gcc/avr/4.8.1/../../../../avr/lib/avr6\libc.a(vsprintf.o)
 .comment       0x00000030       0x2c c:/program files (x86)/atmel/atmel toolchain/avr8 gcc/native/3.4.1061/avr8-gnu-toolchain/bin/../lib/gcc/avr/4.8.1/../../../../avr/lib/avr6\libc.a(vfprintf_std.o)
                                 0x2d (size before relaxing)
 .comment       0x00000000       0x31 c:/program files (x86)/atmel/atmel toolchain/avr8 gcc/native/3.4.1061/avr8-gnu-toolchain/bin/../lib/gcc/avr/4.8.1/../../../../avr/lib/avr6\libc.a(fputc.o)

.note.gnu.build-id
 *(.note.gnu.build-id)

.debug
 *(.debug)

.line
 *(.line)

.debug_srcinfo
 *(.debug_srcinfo)

.debug_sfnames
 *(.debug_sfnames)

.debug_aranges  0x00000000      0x250
 *(.debug_aranges)
 .debug_aranges
                0x00000000       0xb8 C:\Users\caiyunyang\Desktop\CG3002\Arduino\Arduino\Debug\libArduino.a(HardwareSerial.o)
 .debug_aranges
                0x000000b8       0xe8 C:\Users\caiyunyang\Desktop\CG3002\Arduino\Arduino\Debug\libArduino.a(Print.o)
 .debug_aranges
                0x000001a0       0x48 C:\Users\caiyunyang\Desktop\CG3002\Arduino\Arduino\Debug\libArduino.a(wiring.o)
 .debug_aranges
                0x000001e8       0x30 C:\Users\caiyunyang\Desktop\CG3002\Arduino\Arduino\Debug\libArduino.a(wiring_analog.o)
 .debug_aranges
                0x00000218       0x38 C:\Users\caiyunyang\Desktop\CG3002\Arduino\Arduino\Debug\libArduino.a(wiring_digital.o)

.debug_pubnames
 *(.debug_pubnames)

.debug_info     0x00000000     0x5254
 *(.debug_info .gnu.linkonce.wi.*)
 .debug_info    0x00000000     0x2009 C:\Users\caiyunyang\Desktop\CG3002\Arduino\Arduino\Debug\libArduino.a(HardwareSerial.o)
 .debug_info    0x00002009     0x25f2 C:\Users\caiyunyang\Desktop\CG3002\Arduino\Arduino\Debug\libArduino.a(Print.o)
 .debug_info    0x000045fb      0x2ff C:\Users\caiyunyang\Desktop\CG3002\Arduino\Arduino\Debug\libArduino.a(wiring.o)
 .debug_info    0x000048fa      0x32c C:\Users\caiyunyang\Desktop\CG3002\Arduino\Arduino\Debug\libArduino.a(wiring_analog.o)
 .debug_info    0x00004c26      0x62e C:\Users\caiyunyang\Desktop\CG3002\Arduino\Arduino\Debug\libArduino.a(wiring_digital.o)

.debug_abbrev   0x00000000      0xd0f
 *(.debug_abbrev)
 .debug_abbrev  0x00000000      0x545 C:\Users\caiyunyang\Desktop\CG3002\Arduino\Arduino\Debug\libArduino.a(HardwareSerial.o)
 .debug_abbrev  0x00000545      0x3b9 C:\Users\caiyunyang\Desktop\CG3002\Arduino\Arduino\Debug\libArduino.a(Print.o)
 .debug_abbrev  0x000008fe      0x134 C:\Users\caiyunyang\Desktop\CG3002\Arduino\Arduino\Debug\libArduino.a(wiring.o)
 .debug_abbrev  0x00000a32      0x183 C:\Users\caiyunyang\Desktop\CG3002\Arduino\Arduino\Debug\libArduino.a(wiring_analog.o)
 .debug_abbrev  0x00000bb5      0x15a C:\Users\caiyunyang\Desktop\CG3002\Arduino\Arduino\Debug\libArduino.a(wiring_digital.o)

.debug_line     0x00000000     0x1524
 *(.debug_line .debug_line.* .debug_line_end)
 .debug_line    0x00000000      0x639 C:\Users\caiyunyang\Desktop\CG3002\Arduino\Arduino\Debug\libArduino.a(HardwareSerial.o)
 .debug_line    0x00000639      0x6b0 C:\Users\caiyunyang\Desktop\CG3002\Arduino\Arduino\Debug\libArduino.a(Print.o)
 .debug_line    0x00000ce9      0x2cd C:\Users\caiyunyang\Desktop\CG3002\Arduino\Arduino\Debug\libArduino.a(wiring.o)
 .debug_line    0x00000fb6      0x2c5 C:\Users\caiyunyang\Desktop\CG3002\Arduino\Arduino\Debug\libArduino.a(wiring_analog.o)
 .debug_line    0x0000127b      0x2a9 C:\Users\caiyunyang\Desktop\CG3002\Arduino\Arduino\Debug\libArduino.a(wiring_digital.o)

.debug_frame    0x00000000      0x904
 *(.debug_frame)
 .debug_frame   0x00000000      0x3c0 C:\Users\caiyunyang\Desktop\CG3002\Arduino\Arduino\Debug\libArduino.a(HardwareSerial.o)
 .debug_frame   0x000003c0      0x3b8 C:\Users\caiyunyang\Desktop\CG3002\Arduino\Arduino\Debug\libArduino.a(Print.o)
 .debug_frame   0x00000778       0xbc C:\Users\caiyunyang\Desktop\CG3002\Arduino\Arduino\Debug\libArduino.a(wiring.o)
 .debug_frame   0x00000834       0x54 C:\Users\caiyunyang\Desktop\CG3002\Arduino\Arduino\Debug\libArduino.a(wiring_analog.o)
 .debug_frame   0x00000888       0x7c C:\Users\caiyunyang\Desktop\CG3002\Arduino\Arduino\Debug\libArduino.a(wiring_digital.o)

.debug_str      0x00000000     0x166b
 *(.debug_str)
 .debug_str     0x00000000     0x107b C:\Users\caiyunyang\Desktop\CG3002\Arduino\Arduino\Debug\libArduino.a(HardwareSerial.o)
                               0x115a (size before relaxing)
 .debug_str     0x0000107b      0x3b4 C:\Users\caiyunyang\Desktop\CG3002\Arduino\Arduino\Debug\libArduino.a(Print.o)
                                0xe24 (size before relaxing)
 .debug_str     0x0000142f      0x115 C:\Users\caiyunyang\Desktop\CG3002\Arduino\Arduino\Debug\libArduino.a(wiring.o)
                                0x1e9 (size before relaxing)
 .debug_str     0x00001544       0x85 C:\Users\caiyunyang\Desktop\CG3002\Arduino\Arduino\Debug\libArduino.a(wiring_analog.o)
                                0x1fc (size before relaxing)
 .debug_str     0x000015c9       0xa2 C:\Users\caiyunyang\Desktop\CG3002\Arduino\Arduino\Debug\libArduino.a(wiring_digital.o)
                                0x25d (size before relaxing)

.debug_loc      0x00000000     0x3591
 *(.debug_loc)
 .debug_loc     0x00000000      0xc6d C:\Users\caiyunyang\Desktop\CG3002\Arduino\Arduino\Debug\libArduino.a(HardwareSerial.o)
 .debug_loc     0x00000c6d     0x1f08 C:\Users\caiyunyang\Desktop\CG3002\Arduino\Arduino\Debug\libArduino.a(Print.o)
 .debug_loc     0x00002b75      0x22a C:\Users\caiyunyang\Desktop\CG3002\Arduino\Arduino\Debug\libArduino.a(wiring.o)
 .debug_loc     0x00002d9f       0xf2 C:\Users\caiyunyang\Desktop\CG3002\Arduino\Arduino\Debug\libArduino.a(wiring_analog.o)
 .debug_loc     0x00002e91      0x700 C:\Users\caiyunyang\Desktop\CG3002\Arduino\Arduino\Debug\libArduino.a(wiring_digital.o)

.debug_macinfo
 *(.debug_macinfo)

.debug_weaknames
 *(.debug_weaknames)

.debug_funcnames
 *(.debug_funcnames)

.debug_typenames
 *(.debug_typenames)

.debug_varnames
 *(.debug_varnames)

.debug_pubtypes
 *(.debug_pubtypes)

.debug_ranges   0x00000000      0x278
 *(.debug_ranges)
 .debug_ranges  0x00000000       0xa8 C:\Users\caiyunyang\Desktop\CG3002\Arduino\Arduino\Debug\libArduino.a(HardwareSerial.o)
 .debug_ranges  0x000000a8      0x150 C:\Users\caiyunyang\Desktop\CG3002\Arduino\Arduino\Debug\libArduino.a(Print.o)
 .debug_ranges  0x000001f8       0x38 C:\Users\caiyunyang\Desktop\CG3002\Arduino\Arduino\Debug\libArduino.a(wiring.o)
 .debug_ranges  0x00000230       0x20 C:\Users\caiyunyang\Desktop\CG3002\Arduino\Arduino\Debug\libArduino.a(wiring_analog.o)
 .debug_ranges  0x00000250       0x28 C:\Users\caiyunyang\Desktop\CG3002\Arduino\Arduino\Debug\libArduino.a(wiring_digital.o)

.debug_macro
 *(.debug_macro)
OUTPUT(CG3002RTOS.elf elf32-avr)
LOAD linker stubs
